\BOOKMARK [1][-]{Doc-Start}{\376\377\000A\000b\000s\000t\000r\000a\000c\000t}{}% 1
\BOOKMARK [1][-]{Doc-Start}{\376\377\000E\000x\000e\000c\000u\000t\000i\000v\000e\000\040\000s\000u\000m\000m\000a\000r\000y}{}% 2
\BOOKMARK [1][-]{Doc-Start}{\376\377\000I\000n\000t\000r\000o\000d\000u\000c\000t\000i\000o\000n}{}% 3
\BOOKMARK [1][-]{Doc-Start}{\376\377\000N\000o\000t\000a\000t\000i\000o\000n\000s}{}% 4
\BOOKMARK [1][-]{section.1}{\376\377\000S\000t\000a\000t\000e\000m\000e\000n\000t\000\040\000o\000f\000\040\000t\000h\000e\000\040\000p\000r\000o\000b\000l\000e\000m}{}% 5
\BOOKMARK [2][-]{subsubsection.1.0.1}{\376\377\000T\000h\000e\000\040\000S\000o\000b\000o\000l\000e\000v\000\040\000T\000r\000a\000i\000n\000i\000n\000g}{section.1}% 6
\BOOKMARK [3][-]{subsubsection.1.0.2}{\376\377\000T\000w\000o\000\040\000E\000q\000u\000i\000v\000a\000l\000e\000n\000t\000\040\000S\000o\000b\000o\000l\000e\000v\000\040\000N\000o\000r\000m\000s}{subsubsection.1.0.1}% 7
\BOOKMARK [2][-]{subsection.1.1}{\376\377\000T\000h\000e\000\040\000N\000N\000\040\000r\000e\000g\000r\000e\000s\000s\000i\000o\000n\000\040\000f\000r\000a\000m\000e\000w\000o\000r\000k}{section.1}% 8
\BOOKMARK [2][-]{subsection.1.2}{\376\377\000T\000h\000e\000o\000r\000e\000t\000i\000c\000a\000l\000\040\000F\000r\000a\000m\000e\000w\000o\000r\000k\000\040\000o\000f\000\040\000t\000h\000e\000\040\000N\000e\000u\000r\000a\000l\000\040\000T\000a\000n\000g\000e\000n\000t\000\040\000K\000e\000r\000n\000e\000l}{section.1}% 9
\BOOKMARK [3][-]{subsubsection.1.2.1}{\376\377\000T\000h\000e\000\040\000N\000e\000u\000r\000a\000l\000\040\000T\000a\000n\000g\000e\000n\000t\000\040\000K\000e\000r\000n\000e\000l}{subsection.1.2}% 10
\BOOKMARK [2][-]{subsection.1.3}{\376\377\000P\000e\000r\000s\000o\000n\000a\000l\000\040\000c\000o\000n\000t\000r\000i\000b\000u\000t\000i\000o\000n\000\040\000:\000\040\000N\000T\000K\000-\000S\000o\000b\000o\000l\000e\000v\000\040\000S\000p\000e\000c\000t\000r\000a\000l\000\040\000C\000o\000m\000m\000u\000t\000a\000t\000i\000o\000n\000\040\000p\000r\000o\000p\000e\000r\000t\000y}{section.1}% 11
\BOOKMARK [2][-]{subsection.1.4}{\376\377\000D\000e\000e\000p\000\040\000N\000T\000K\000\040\000P\000r\000o\000p\000e\000r\000t\000i\000e\000s}{section.1}% 12
\BOOKMARK [2][-]{subsection.1.5}{\376\377\000A\000n\000a\000l\000y\000s\000e\000\040\000S\000p\000e\000c\000t\000r\000a\000l\000e\000\040\000d\000u\000\040\000N\000T\000K\000\040\000e\000t\000\040\000B\000o\000r\000n\000e\000s\000\040\000s\000u\000r\000\040\000l\000e\000s\000\040\000V\000a\000l\000e\000u\000r\000s\000\040\000P\000r\000o\000p\000r\000e\000s}{section.1}% 13
\BOOKMARK [2][-]{subsection.1.6}{\376\377\000M\000a\000t\000r\000i\000x\000\040\000S\000p\000e\000c\000t\000r\000u\000m\000\040\000R\000e\000s\000u\000l\000t\000s}{section.1}% 14
\BOOKMARK [1][-]{section.2}{\376\377\000M\000a\000t\000h\000e\000m\000a\000t\000i\000c\000a\000l\000\040\000F\000o\000u\000n\000d\000a\000t\000i\000o\000n\000:\000\040\000C\000o\000n\000c\000e\000n\000t\000r\000a\000t\000i\000o\000n\000\040\000I\000n\000e\000q\000u\000a\000l\000i\000t\000i\000e\000s}{}% 15
\BOOKMARK [2][-]{subsection.2.1}{\376\377\000S\000c\000a\000l\000a\000r\000\040\000C\000o\000n\000c\000e\000n\000t\000r\000a\000t\000i\000o\000n\000\040\000I\000n\000e\000q\000u\000a\000l\000i\000t\000i\000e\000s}{section.2}% 16
\BOOKMARK [2][-]{subsection.2.2}{\376\377\000Q\000u\000a\000d\000r\000a\000t\000i\000c\000\040\000F\000o\000r\000m\000s\000\040\000a\000n\000d\000\040\000H\000a\000n\000s\000o\000n\000-\000W\000r\000i\000g\000h\000t\000\040\000I\000n\000e\000q\000u\000a\000l\000i\000t\000i\000e\000s}{section.2}% 17
\BOOKMARK [2][-]{subsection.2.3}{\376\377\000M\000a\000t\000r\000i\000x\000\040\000C\000o\000n\000c\000e\000n\000t\000r\000a\000t\000i\000o\000n\000\040\000I\000n\000e\000q\000u\000a\000l\000i\000t\000i\000e\000s}{section.2}% 18
\BOOKMARK [1][-]{section.3}{\376\377\000F\000u\000n\000d\000a\000m\000e\000n\000t\000a\000l\000\040\000M\000a\000t\000h\000e\000m\000a\000t\000i\000c\000a\000l\000\040\000T\000o\000o\000l\000s}{}% 19
\BOOKMARK [2][-]{subsection.3.1}{\376\377\000M\000a\000t\000r\000i\000x\000\040\000A\000n\000a\000l\000y\000s\000i\000s\000\040\000T\000e\000c\000h\000n\000i\000q\000u\000e\000s}{section.3}% 20
\BOOKMARK [2][-]{subsection.3.2}{\376\377\000S\000p\000e\000c\000i\000a\000l\000i\000z\000e\000d\000\040\000N\000e\000u\000r\000a\000l\000\040\000N\000e\000t\000w\000o\000r\000k\000\040\000T\000o\000o\000l\000s}{section.3}% 21
\BOOKMARK [1][-]{section.4}{\376\377\000P\000r\000o\000o\000f\000\040\000S\000c\000h\000e\000m\000e\000s\000\040\000a\000n\000d\000\040\000H\000i\000g\000h\000-\000L\000e\000v\000e\000l\000\040\000S\000t\000r\000a\000t\000e\000g\000i\000e\000s}{}% 22
\BOOKMARK [2][-]{subsection.4.1}{\376\377\000G\000e\000n\000e\000r\000a\000l\000\040\000F\000r\000a\000m\000e\000w\000o\000r\000k\000\040\000f\000o\000r\000\040\000E\000i\000g\000e\000n\000v\000a\000l\000u\000e\000\040\000B\000o\000u\000n\000d\000s}{section.4}% 23
\BOOKMARK [2][-]{subsection.4.2}{\376\377\000P\000r\000o\000o\000f\000\040\000S\000c\000h\000e\000m\000e\000\040\0001\000:\000\040\000E\000m\000p\000i\000r\000i\000c\000a\000l\000\040\000N\000T\000K\000\040\000D\000e\000c\000o\000m\000p\000o\000s\000i\000t\000i\000o\000n\000\040\000\050\000N\000g\000u\000y\000e\000n\000\040\000e\000t\000\040\000a\000l\000.\000\051}{section.4}% 24
\BOOKMARK [3][-]{subsubsection.4.2.1}{\376\377\000S\000t\000e\000p\000\040\0001\000:\000\040\000F\000u\000n\000d\000a\000m\000e\000n\000t\000a\000l\000\040\000C\000h\000a\000i\000n\000\040\000R\000u\000l\000e\000\040\000D\000e\000c\000o\000m\000p\000o\000s\000i\000t\000i\000o\000n}{subsection.4.2}% 25
\BOOKMARK [3][-]{subsubsection.4.2.2}{\376\377\000S\000t\000e\000p\000\040\0002\000:\000\040\000A\000p\000p\000l\000i\000c\000a\000t\000i\000o\000n\000\040\000o\000f\000\040\000S\000c\000h\000u\000r\000\040\000P\000r\000o\000d\000u\000c\000t\000\040\000T\000h\000e\000o\000r\000e\000m\000\040\000a\000n\000d\000\040\000W\000e\000y\000l\000'\000s\000\040\000I\000n\000e\000q\000u\000a\000l\000i\000t\000y}{subsection.4.2}% 26
\BOOKMARK [3][-]{subsubsection.4.2.3}{\376\377\000S\000t\000e\000p\000\040\0003\000:\000\040\000B\000o\000u\000n\000d\000i\000n\000g\000\040\000F\000e\000a\000t\000u\000r\000e\000\040\000M\000a\000t\000r\000i\000x\000\040\000E\000i\000g\000e\000n\000v\000a\000l\000u\000e\000s}{subsection.4.2}% 27
\BOOKMARK [3][-]{subsubsection.4.2.4}{\376\377\000S\000t\000e\000p\000\040\0004\000:\000\040\000S\000p\000e\000c\000t\000r\000a\000l\000\040\000A\000n\000a\000l\000y\000s\000i\000s\000\040\000v\000i\000a\000\040\000H\000e\000r\000m\000i\000t\000e\000\040\000E\000x\000p\000a\000n\000s\000i\000o\000n}{subsection.4.2}% 28
\BOOKMARK [3][-]{subsubsection.4.2.5}{\376\377\000S\000t\000e\000p\000\040\0005\000:\000\040\000R\000e\000d\000u\000c\000t\000i\000o\000n\000\040\000t\000o\000\040\000K\000h\000a\000t\000r\000i\000-\000R\000a\000o\000\040\000P\000o\000w\000e\000r\000s}{subsection.4.2}% 29
\BOOKMARK [3][-]{subsubsection.4.2.6}{\376\377\000S\000t\000e\000p\000\040\0006\000:\000\040\000F\000e\000a\000t\000u\000r\000e\000\040\000C\000e\000n\000t\000e\000r\000i\000n\000g\000\040\000a\000n\000d\000\040\000H\000a\000d\000a\000m\000a\000r\000d\000\040\000P\000o\000w\000e\000r\000\040\000A\000n\000a\000l\000y\000s\000i\000s}{subsection.4.2}% 30
\BOOKMARK [3][-]{subsubsection.4.2.7}{\376\377\000S\000t\000e\000p\000\040\0007\000:\000\040\000A\000p\000p\000l\000i\000c\000a\000t\000i\000o\000n\000\040\000o\000f\000\040\000G\000e\000r\000s\000h\000g\000o\000r\000i\000n\000\040\000C\000i\000r\000c\000l\000e\000\040\000T\000h\000e\000o\000r\000e\000m}{subsection.4.2}% 31
\BOOKMARK [3][-]{subsubsection.4.2.8}{\376\377\000S\000t\000e\000p\000\040\0008\000:\000\040\000B\000o\000u\000n\000d\000i\000n\000g\000\040\000D\000e\000r\000i\000v\000a\000t\000i\000v\000e\000\040\000T\000e\000r\000m\000\040\000N\000o\000r\000m\000s\000,\000\040\000v\000e\000r\000y\000\040\000t\000e\000c\000h\000n\000i\000c\000a\000l}{subsection.4.2}% 32
\BOOKMARK [3][-]{subsubsection.4.2.9}{\376\377\000S\000t\000e\000p\000\040\0009\000:\000\040\000F\000i\000n\000a\000l\000\040\000A\000s\000s\000e\000m\000b\000l\000y\000\040\000a\000n\000d\000\040\000W\000i\000d\000t\000h\000\040\000O\000p\000t\000i\000m\000i\000z\000a\000t\000i\000o\000n}{subsection.4.2}% 33
\BOOKMARK [3][-]{subsubsection.4.2.10}{\376\377\000U\000p\000p\000e\000r\000\040\000B\000o\000u\000n\000d\000\040\000v\000i\000a\000\040\000D\000i\000a\000g\000o\000n\000a\000l\000\040\000A\000n\000a\000l\000y\000s\000i\000s}{subsection.4.2}% 34
\BOOKMARK [3][-]{subsubsection.4.2.11}{\376\377\000F\000i\000n\000a\000l\000\040\000R\000e\000s\000u\000l\000t}{subsection.4.2}% 35
\BOOKMARK [1][-]{section.5}{\376\377\000C\000o\000r\000r\000e\000c\000t\000i\000o\000n\000s\000\040\000\340\000\040\000L\000a\000r\000g\000e\000u\000r\000\040\000F\000i\000n\000i\000e\000\040\000e\000t\000\040\000R\000\351\000g\000i\000m\000e\000s\000\040\000d\000'\000A\000p\000p\000r\000e\000n\000t\000i\000s\000s\000a\000g\000e}{}% 36
\BOOKMARK [2][-]{subsection.5.1}{\376\377\000D\000\351\000v\000e\000l\000o\000p\000p\000e\000m\000e\000n\000t\000\040\000T\000h\000\351\000o\000r\000i\000q\000u\000e\000\040\000p\000o\000u\000r\000\040\000l\000e\000s\000\040\000F\000C\000N\000N}{section.5}% 37
\BOOKMARK [1][-]{section.6}{\376\377\000F\000r\000a\000m\000e\000w\000o\000r\000k\000\040\000a\000n\000d\000\040\000N\000o\000t\000a\000t\000i\000o\000n\000s}{}% 38
\BOOKMARK [2][-]{subsection.6.1}{\376\377\000N\000e\000u\000r\000a\000l\000\040\000N\000e\000t\000w\000o\000r\000k\000\040\000A\000r\000c\000h\000i\000t\000e\000c\000t\000u\000r\000e}{section.6}% 39
\BOOKMARK [2][-]{subsection.6.2}{\376\377\000T\000h\000e\000\040\000N\000e\000u\000r\000a\000l\000\040\000T\000a\000n\000g\000e\000n\000t\000\040\000K\000e\000r\000n\000e\000l\000\040\000\050\000N\000T\000K\000\051}{section.6}% 40
\BOOKMARK [2][-]{subsection.6.3}{\376\377\000T\000h\000e\000\040\000N\000e\000u\000r\000a\000l\000\040\000T\000a\000n\000g\000e\000n\000t\000\040\000H\000i\000e\000r\000a\000r\000c\000h\000y\000\040\000\050\000N\000T\000H\000\051}{section.6}% 41
\BOOKMARK [1][-]{section.7}{\376\377\000O\000t\000h\000e\000r\000\040\000p\000r\000o\000o\000f}{}% 42
\BOOKMARK [1][-]{section.8}{\376\377\000E\000x\000t\000e\000n\000d\000e\000d\000\040\000F\000o\000r\000m\000u\000l\000a\000\040\000f\000o\000r\000\040\000K\000\050\0003\000\051}{}% 43
\BOOKMARK [2][-]{subsection.8.1}{\376\377\000D\000e\000v\000e\000l\000o\000p\000m\000e\000n\000t\000\040\000o\000f\000\040\000R\000e\000c\000u\000r\000s\000i\000v\000e\000\040\000T\000e\000r\000m\000s}{section.8}% 44
\BOOKMARK [2][-]{subsection.8.2}{\376\377\000C\000o\000m\000p\000l\000e\000t\000e\000\040\000E\000x\000p\000r\000e\000s\000s\000i\000o\000n}{section.8}% 45
\BOOKMARK [1][-]{section.9}{\376\377\000F\000u\000l\000l\000y\000\040\000E\000x\000p\000a\000n\000d\000e\000d\000\040\000N\000o\000n\000-\000R\000e\000c\000u\000r\000s\000i\000v\000e\000\040\000F\000o\000r\000m\000u\000l\000a\000\040\000f\000o\000r\000\040\000K\000\050\0003\000\051}{}% 46
\BOOKMARK [1][-]{section.10}{\376\377\000R\000e\000c\000u\000r\000s\000i\000v\000e\000\040\000F\000o\000r\000m\000u\000l\000a\000\040\000f\000o\000r\000\040\000K\000\050\0003\000\051\000\040\000a\000s\000\040\000a\000\040\000F\000u\000n\000c\000t\000i\000o\000n\000\040\000o\000f\000\040\000D\000e\000p\000t\000h\000\040\000H}{}% 47
\BOOKMARK [1][-]{section.11}{\376\377\000F\000r\000a\000m\000e\000w\000o\000r\000k\000\040\000a\000n\000d\000\040\000N\000o\000t\000a\000t\000i\000o\000n\000s}{}% 48
\BOOKMARK [2][-]{subsection.11.1}{\376\377\000N\000e\000u\000r\000a\000l\000\040\000N\000e\000t\000w\000o\000r\000k\000\040\000A\000r\000c\000h\000i\000t\000e\000c\000t\000u\000r\000e}{section.11}% 49
\BOOKMARK [2][-]{subsection.11.2}{\376\377\000T\000h\000e\000\040\000N\000e\000u\000r\000a\000l\000\040\000T\000a\000n\000g\000e\000n\000t\000\040\000K\000e\000r\000n\000e\000l\000\040\000\050\000N\000T\000K\000\051}{section.11}% 50
\BOOKMARK [2][-]{subsection.11.3}{\376\377\000T\000h\000e\000\040\000N\000e\000u\000r\000a\000l\000\040\000T\000a\000n\000g\000e\000n\000t\000\040\000H\000i\000e\000r\000a\000r\000c\000h\000y\000\040\000\050\000N\000T\000H\000\051}{section.11}% 51
\BOOKMARK [1][-]{section.12}{\376\377\000I\000n\000t\000r\000o\000d\000u\000c\000t\000i\000o\000n}{}% 52
\BOOKMARK [1][-]{section.13}{\376\377\000S\000c\000a\000l\000i\000n\000g\000\040\000o\000f\000\040\000C\000o\000r\000e\000\040\000C\000o\000m\000p\000o\000n\000e\000n\000t\000s\000\040\000i\000n\000\040\000t\000h\000e\000\040\000N\000T\000K\000\040\000F\000o\000r\000m\000a\000l\000i\000s\000m}{}% 53
\BOOKMARK [1][-]{section.14}{\376\377\000A\000n\000a\000l\000y\000s\000i\000s\000\040\000o\000f\000\040\000t\000h\000e\000\040\000K\000\050\0003\000\051\000\040\000T\000e\000n\000s\000o\000r}{}% 54
\BOOKMARK [2][-]{subsection.14.1}{\376\377\000F\000o\000r\000w\000a\000r\000d\000\040\000D\000e\000r\000i\000v\000a\000t\000i\000v\000e\000\040\000T\000e\000r\000m\000\040\000x\000\050\000p\000\051}{section.14}% 55
\BOOKMARK [2][-]{subsection.14.2}{\376\377\000B\000a\000c\000k\000w\000a\000r\000d\000\040\000D\000e\000r\000i\000v\000a\000t\000i\000v\000e\000\040\000T\000e\000r\000m\000\040\000G\000\050\000\051}{section.14}% 56
\BOOKMARK [2][-]{subsection.14.3}{\376\377\000O\000v\000e\000r\000a\000l\000l\000\040\000S\000c\000a\000l\000i\000n\000g\000\040\000o\000f\000\040\000K\000\050\0003\000\051}{section.14}% 57
\BOOKMARK [1][-]{section.15}{\376\377\000C\000o\000n\000c\000l\000u\000s\000i\000o\000n\000\040\000o\000n\000\040\000D\000e\000p\000t\000h\000\040\000D\000e\000p\000e\000n\000d\000e\000n\000c\000e}{}% 58
\BOOKMARK [1][-]{section.16}{\376\377\000D\000e\000t\000a\000i\000l\000e\000d\000\040\000S\000c\000a\000l\000i\000n\000g\000\040\000A\000n\000a\000l\000y\000s\000i\000s\000\040\000w\000i\000t\000h\000\040\000R\000e\000s\000p\000e\000c\000t\000\040\000t\000o\000\040\000D\000e\000p\000t\000h\000\040\000H}{}% 59
\BOOKMARK [2][-]{subsection.16.1}{\376\377\000C\000o\000r\000e\000\040\000A\000s\000s\000u\000m\000p\000t\000i\000o\000n\000s\000\040\000a\000n\000d\000\040\000S\000c\000a\000l\000i\000n\000g\000\040\000o\000f\000\040\000C\000o\000m\000p\000o\000n\000e\000n\000t\000s}{section.16}% 60
\BOOKMARK [2][-]{subsection.16.2}{\376\377\000T\000e\000r\000m\000-\000b\000y\000-\000T\000e\000r\000m\000\040\000A\000n\000a\000l\000y\000s\000i\000s}{section.16}% 61
\BOOKMARK [2][-]{subsection.16.3}{\376\377\000O\000v\000e\000r\000a\000l\000l\000\040\000S\000c\000a\000l\000i\000n\000g\000\040\000a\000n\000d\000\040\000C\000o\000n\000c\000l\000u\000s\000i\000o\000n}{section.16}% 62
\BOOKMARK [1][-]{section.17}{\376\377\000I\000m\000p\000l\000e\000m\000e\000n\000t\000a\000t\000i\000o\000n\000\040\000o\000f\000\040\000t\000h\000e\000\040\000N\000T\000K\000,\000\040\000a\000n\000d\000\040\000t\000h\000e\000\040\000c\000o\000d\000e\000\040\000c\000o\000r\000r\000e\000s\000p\000o\000n\000d\000e\000n\000c\000e}{}% 63
\BOOKMARK [2][-]{subsection.17.1}{\376\377\000C\000o\000d\000e\000\040\000S\000t\000r\000u\000c\000t\000u\000r\000e\000\040\000a\000n\000d\000\040\000C\000o\000r\000r\000e\000s\000p\000o\000n\000d\000e\000n\000c\000e\000\040\000t\000o\000\040\000F\000o\000r\000m\000u\000l\000a\000s}{section.17}% 64
\BOOKMARK [2][-]{subsection.17.2}{\376\377\000F\000u\000t\000u\000r\000e\000\040\000W\000o\000r\000k\000:\000\040\000O\000p\000t\000i\000m\000i\000z\000a\000t\000i\000o\000n\000\040\000w\000i\000t\000h\000\040\000A\000u\000t\000o\000m\000a\000t\000i\000c\000\040\000D\000i\000f\000f\000e\000r\000e\000n\000t\000i\000a\000t\000i\000o\000n}{section.17}% 65
\BOOKMARK [1][-]{section.18}{\376\377\000E\000m\000p\000i\000r\000i\000c\000a\000l\000\040\000V\000a\000l\000i\000d\000a\000t\000i\000o\000n\000:\000\040\000E\000x\000p\000e\000r\000i\000m\000e\000n\000t\000a\000l\000\040\000S\000e\000t\000u\000p\000\040\000a\000n\000d\000\040\000A\000n\000a\000l\000y\000s\000i\000s}{}% 66
\BOOKMARK [2][-]{subsection.18.1}{\376\377\000E\000x\000p\000e\000r\000i\000m\000e\000n\000t\000a\000l\000\040\000D\000e\000s\000i\000g\000n}{section.18}% 67
\BOOKMARK [2][-]{subsection.18.2}{\376\377\000D\000a\000t\000a\000\040\000A\000n\000a\000l\000y\000s\000i\000s\000\040\000a\000n\000d\000\040\000C\000o\000n\000n\000e\000c\000t\000i\000o\000n\000\040\000t\000o\000\040\000T\000h\000e\000o\000r\000y}{section.18}% 68
\BOOKMARK [1][-]{section.19}{\376\377\000D\000e\000e\000p\000\040\000D\000i\000v\000e\000\040\000i\000n\000t\000o\000\040\000Q\000u\000a\000n\000t\000i\000t\000a\000t\000i\000v\000e\000\040\000M\000e\000t\000r\000i\000c\000s}{}% 69
\BOOKMARK [2][-]{subsection.19.1}{\376\377\000A\000n\000a\000l\000y\000s\000i\000s\000\040\000o\000f\000\040\000t\000h\000e\000\040\000S\000c\000a\000l\000e\000d\000\040\000I\000n\000f\000i\000n\000i\000t\000y\000\040\000N\000o\000r\000m}{section.19}% 70
\BOOKMARK [2][-]{subsection.19.2}{\376\377\000S\000p\000e\000c\000t\000r\000a\000l\000\040\000A\000n\000a\000l\000y\000s\000i\000s\000\040\000o\000f\000\040\000T\000e\000n\000s\000o\000r\000\040\000S\000l\000i\000c\000e\000s}{section.19}% 71
\BOOKMARK [1][-]{section.20}{\376\377\000I\000m\000p\000l\000e\000m\000e\000n\000t\000a\000t\000i\000o\000n\000\040\000o\000f\000\040\000t\000h\000e\000\040\000N\000T\000K\000,\000\040\000a\000n\000d\000\040\000t\000h\000e\000\040\000c\000o\000d\000e\000\040\000c\000o\000r\000r\000e\000s\000p\000o\000n\000d\000e\000n\000c\000e}{}% 72
\BOOKMARK [2][-]{subsection.20.1}{\376\377\000C\000o\000d\000e\000\040\000S\000t\000r\000u\000c\000t\000u\000r\000e\000\040\000a\000n\000d\000\040\000C\000o\000r\000r\000e\000s\000p\000o\000n\000d\000e\000n\000c\000e\000\040\000t\000o\000\040\000F\000o\000r\000m\000u\000l\000a\000s}{section.20}% 73
\BOOKMARK [2][-]{subsection.20.2}{\376\377\000F\000u\000t\000u\000r\000e\000\040\000W\000o\000r\000k\000:\000\040\000O\000p\000t\000i\000m\000i\000z\000a\000t\000i\000o\000n\000\040\000w\000i\000t\000h\000\040\000A\000u\000t\000o\000m\000a\000t\000i\000c\000\040\000D\000i\000f\000f\000e\000r\000e\000n\000t\000i\000a\000t\000i\000o\000n}{section.20}% 74
\BOOKMARK [1][-]{section.21}{\376\377\000E\000m\000p\000i\000r\000i\000c\000a\000l\000\040\000V\000a\000l\000i\000d\000a\000t\000i\000o\000n\000:\000\040\000E\000x\000p\000e\000r\000i\000m\000e\000n\000t\000a\000l\000\040\000S\000e\000t\000u\000p\000\040\000a\000n\000d\000\040\000A\000n\000a\000l\000y\000s\000i\000s}{}% 75
\BOOKMARK [2][-]{subsection.21.1}{\376\377\000E\000x\000p\000e\000r\000i\000m\000e\000n\000t\000a\000l\000\040\000D\000e\000s\000i\000g\000n}{section.21}% 76
\BOOKMARK [2][-]{subsection.21.2}{\376\377\000D\000a\000t\000a\000\040\000A\000n\000a\000l\000y\000s\000i\000s\000\040\000a\000n\000d\000\040\000C\000o\000n\000n\000e\000c\000t\000i\000o\000n\000\040\000t\000o\000\040\000T\000h\000e\000o\000r\000y}{section.21}% 77
\BOOKMARK [1][-]{section.22}{\376\377\000D\000e\000e\000p\000\040\000D\000i\000v\000e\000\040\000i\000n\000t\000o\000\040\000Q\000u\000a\000n\000t\000i\000t\000a\000t\000i\000v\000e\000\040\000M\000e\000t\000r\000i\000c\000s}{}% 78
\BOOKMARK [2][-]{subsection.22.1}{\376\377\000A\000n\000a\000l\000y\000s\000i\000s\000\040\000o\000f\000\040\000t\000h\000e\000\040\000S\000c\000a\000l\000e\000d\000\040\000I\000n\000f\000i\000n\000i\000t\000y\000\040\000N\000o\000r\000m}{section.22}% 79
\BOOKMARK [2][-]{subsection.22.2}{\376\377\000S\000p\000e\000c\000t\000r\000a\000l\000\040\000A\000n\000a\000l\000y\000s\000i\000s\000\040\000o\000f\000\040\000T\000e\000n\000s\000o\000r\000\040\000S\000l\000i\000c\000e\000s}{section.22}% 80
\BOOKMARK [1][-]{section.23}{\376\377\000D\000e\000e\000p\000e\000r\000\040\000A\000n\000a\000l\000y\000s\000i\000s\000\040\000o\000f\000\040\000F\000i\000n\000i\000t\000e\000-\000W\000i\000d\000t\000h\000\040\000C\000o\000r\000r\000e\000c\000t\000i\000o\000n\000s}{}% 81
\BOOKMARK [2][-]{subsection.23.1}{\376\377\000E\000m\000p\000i\000r\000i\000c\000a\000l\000\040\000S\000c\000a\000l\000i\000n\000g\000\040\000L\000a\000w\000s}{section.23}% 82
\BOOKMARK [2][-]{subsection.23.2}{\376\377\000T\000h\000e\000o\000r\000e\000t\000i\000c\000a\000l\000\040\000I\000n\000t\000e\000r\000p\000r\000e\000t\000a\000t\000i\000o\000n}{section.23}% 83
\BOOKMARK [1][-]{section.24}{\376\377\000E\000x\000p\000e\000r\000i\000m\000e\000n\000t\000a\000l\000\040\000V\000a\000l\000i\000d\000a\000t\000i\000o\000n}{}% 84
\BOOKMARK [2][-]{subsection.24.1}{\376\377\000E\000x\000p\000e\000r\000i\000m\000e\000n\000t\000a\000l\000\040\000S\000e\000t\000u\000p}{section.24}% 85
\BOOKMARK [2][-]{subsection.24.2}{\376\377\000M\000e\000t\000h\000o\000d\000o\000l\000o\000g\000y}{section.24}% 86
\BOOKMARK [2][-]{subsection.24.3}{\376\377\000R\000e\000s\000u\000l\000t\000s\000\040\000a\000n\000d\000\040\000D\000i\000s\000c\000u\000s\000s\000i\000o\000n}{section.24}% 87
\BOOKMARK [2][-]{subsection.24.4}{\376\377\000O\000v\000e\000r\000a\000l\000l\000\040\000S\000c\000a\000l\000i\000n\000g\000\040\000a\000n\000d\000\040\000C\000o\000n\000c\000l\000u\000s\000i\000o\000n}{section.24}% 88
\BOOKMARK [2][-]{subsection.24.5}{\376\377\000R\000e\000s\000u\000l\000t\000s\000\040\000a\000n\000d\000\040\000D\000i\000s\000c\000u\000s\000s\000i\000o\000n}{section.24}% 89
\BOOKMARK [2][-]{subsection.24.6}{\376\377\000I\000m\000p\000l\000e\000m\000e\000n\000t\000a\000t\000i\000o\000n\000\040\000N\000o\000t\000e\000:\000\040\000T\000h\000e\000\040\000P\000e\000r\000i\000l\000s\000\040\000o\000f\000\040\000P\000a\000r\000a\000m\000e\000t\000e\000r\000i\000z\000a\000t\000i\000o\000n}{section.24}% 90
\BOOKMARK [1][-]{section.25}{\376\377\000w\000k\0007\000:\000\040\000A\000\040\000R\000a\000n\000d\000o\000m\000\040\000M\000a\000t\000r\000i\000x\000\040\000P\000e\000r\000s\000p\000e\000c\000t\000i\000v\000e\000\040\000o\000n\000\040\000t\000h\000e\000\040\000N\000T\000K\000\040\000C\000o\000r\000r\000e\000c\000t\000i\000o\000n}{}% 91
\BOOKMARK [2][-]{subsection.25.1}{\376\377\000E\000m\000p\000i\000r\000i\000c\000a\000l\000\040\000S\000p\000e\000c\000t\000r\000a\000l\000\040\000S\000t\000r\000u\000c\000t\000u\000r\000e\000\040\000a\000n\000d\000\040\000t\000h\000e\000\040\000C\000o\000n\000s\000t\000a\000n\000t\000\040\000M\000o\000d\000e}{section.25}% 92
\BOOKMARK [2][-]{subsection.25.2}{\376\377\000S\000c\000a\000l\000i\000n\000g\000\040\000A\000n\000a\000l\000y\000s\000i\000s\000\040\000o\000f\000\040\000C\000o\000r\000r\000e\000c\000t\000i\000o\000n\000\040\000T\000e\000r\000m\000s}{section.25}% 93
\BOOKMARK [2][-]{subsection.25.3}{\376\377\000D\000i\000s\000c\000u\000s\000s\000i\000o\000n\000\040\000a\000n\000d\000\040\000E\000x\000p\000e\000r\000i\000m\000e\000n\000t\000a\000l\000\040\000V\000a\000l\000i\000d\000a\000t\000i\000o\000n}{section.25}% 94
\BOOKMARK [2][-]{subsection.25.4}{\376\377\000F\000o\000c\000u\000s\000:\000\040\000A\000n\000\040\000R\000M\000T\000\040\000F\000r\000a\000m\000e\000w\000o\000r\000k\000\040\000f\000o\000r\000\040\000t\000h\000e\000\040\000N\000T\000K}{section.25}% 95
\BOOKMARK [3][-]{subsubsection.25.4.1}{\376\377\000T\000h\000e\000\040\000N\000T\000K\000\040\000a\000s\000\040\000a\000\040\000S\000p\000i\000k\000e\000d\000\040\000C\000o\000v\000a\000r\000i\000a\000n\000c\000e\000\040\000M\000a\000t\000r\000i\000x}{subsection.25.4}% 96
\BOOKMARK [3][-]{subsubsection.25.4.2}{\376\377\000T\000h\000e\000\040\000B\000B\000P\000\040\000P\000h\000a\000s\000e\000\040\000T\000r\000a\000n\000s\000i\000t\000i\000o\000n\000\040\000a\000n\000d\000\040\000F\000e\000a\000t\000u\000r\000e\000\040\000L\000e\000a\000r\000n\000i\000n\000g}{subsection.25.4}% 97
\BOOKMARK [2][-]{subsection.25.5}{\376\377\000T\000h\000e\000\040\000I\000n\000f\000l\000u\000e\000n\000c\000e\000\040\000o\000f\000\040\000D\000e\000p\000t\000h\000\040\000L\000\040\000o\000n\000\040\000t\000h\000e\000\040\000B\000B\000P\000\040\000T\000h\000r\000e\000s\000h\000o\000l\000d}{section.25}% 98
\BOOKMARK [1][-]{section.26}{\376\377\000F\000u\000t\000u\000r\000e\000\040\000W\000o\000r\000k}{}% 99
\BOOKMARK [2][-]{subsection.26.1}{\376\377\000E\000x\000p\000l\000i\000c\000i\000t\000\040\000I\000n\000d\000e\000x\000e\000d\000\040\000F\000o\000r\000m\000u\000l\000a\000\040\000f\000o\000r\000\040\000O\0003}{section.26}% 100
\BOOKMARK [2][-]{subsection.26.2}{\376\377\000E\000x\000p\000l\000i\000c\000i\000t\000\040\000F\000o\000r\000m\000u\000l\000a\000s\000\040\000f\000o\000r\000\040\000t\000h\000e\000\040\000C\000o\000r\000r\000e\000c\000t\000i\000o\000n\000s}{section.26}% 101
\BOOKMARK [1][-]{section.27}{\376\377\000O\000n\000\040\000t\000h\000e\000\040\000F\000o\000u\000r\000t\000h\000-\000O\000r\000d\000e\000r\000\040\000K\000e\000r\000n\000e\000l\000\040\000O\0004\000\040\000a\000n\000d\000\040\000i\000t\000s\000\040\000C\000o\000m\000p\000u\000t\000a\000t\000i\000o\000n}{}% 102
\BOOKMARK [1][-]{section.28}{\376\377\000F\000r\000o\000m\000\040\000S\000c\000a\000l\000i\000n\000g\000\040\000L\000a\000w\000s\000\040\000t\000o\000\040\000S\000p\000e\000c\000t\000r\000a\000l\000\040\000S\000t\000a\000t\000i\000s\000t\000i\000c\000s\000:\000\040\000T\000h\000e\000\040\000N\000e\000e\000d\000\040\000f\000o\000r\000\040\000a\000\040\000D\000e\000e\000p\000e\000r\000\040\000L\000o\000o\000k}{}% 103
\BOOKMARK [2][-]{subsection.28.1}{\376\377\000R\000e\000c\000a\000p\000i\000t\000u\000l\000a\000t\000i\000o\000n\000:\000\040\000T\000h\000e\000\040\000S\000c\000a\000l\000i\000n\000g\000\040\000P\000u\000z\000z\000l\000e}{section.28}% 104
\BOOKMARK [2][-]{subsection.28.2}{\376\377\000F\000i\000r\000s\000t\000\040\000I\000n\000c\000u\000r\000s\000i\000o\000n\000s\000\040\000i\000n\000t\000o\000\040\000E\000i\000g\000e\000n\000v\000e\000c\000t\000o\000r\000\040\000S\000t\000a\000t\000i\000s\000t\000i\000c\000s}{section.28}% 105
\BOOKMARK [1][-]{section.29}{\376\377\000A\000n\000\040\000U\000n\000e\000x\000p\000e\000c\000t\000e\000d\000\040\000D\000i\000s\000c\000o\000v\000e\000r\000y\000:\000\040\000T\000h\000e\000\040\000G\000a\000u\000s\000s\000i\000a\000n\000\040\000O\000r\000t\000h\000o\000g\000o\000n\000a\000l\000\040\000E\000n\000s\000e\000m\000b\000l\000e\000\040\000i\000n\000\040\000t\000h\000e\000\040\000N\000T\000K\000\040\000S\000p\000e\000c\000t\000r\000u\000m}{}% 106
\BOOKMARK [2][-]{subsection.29.1}{\376\377\000A\000\040\000P\000r\000i\000m\000e\000r\000\040\000o\000n\000\040\000R\000a\000n\000d\000o\000m\000\040\000M\000a\000t\000r\000i\000x\000\040\000T\000h\000e\000o\000r\000y\000\040\000a\000n\000d\000\040\000S\000p\000e\000c\000t\000r\000a\000l\000\040\000S\000t\000a\000t\000i\000s\000t\000i\000c\000s}{section.29}% 107
\BOOKMARK [2][-]{subsection.29.2}{\376\377\000T\000h\000e\000\040\000N\000T\000K\000\040\000B\000u\000l\000k\000\040\000S\000p\000e\000c\000t\000r\000u\000m\000\040\000O\000b\000e\000y\000s\000\040\000G\000O\000E\000\040\000S\000t\000a\000t\000i\000s\000t\000i\000c\000s}{section.29}% 108
\BOOKMARK [2][-]{subsection.29.3}{\376\377\000T\000h\000e\000o\000r\000e\000t\000i\000c\000a\000l\000\040\000I\000m\000p\000l\000i\000c\000a\000t\000i\000o\000n\000s\000\040\000a\000n\000d\000\040\000C\000o\000n\000j\000e\000c\000t\000u\000r\000e\000s}{section.29}% 109
\BOOKMARK [3][-]{subsubsection.29.3.1}{\376\377\000S\000y\000m\000m\000e\000t\000r\000y\000\040\000a\000s\000\040\000t\000h\000e\000\040\000O\000r\000i\000g\000i\000n\000\040\000o\000f\000\040\000G\000O\000E\000\040\000B\000e\000h\000a\000v\000i\000o\000r}{subsection.29.3}% 110
\BOOKMARK [3][-]{subsubsection.29.3.2}{\376\377\000A\000\040\000S\000o\000l\000i\000d\000\040\000F\000o\000o\000t\000i\000n\000g\000\040\000f\000o\000r\000\040\000S\000c\000a\000l\000i\000n\000g\000\040\000L\000a\000w\000\040\000A\000n\000a\000l\000y\000s\000i\000s}{subsection.29.3}% 111
\BOOKMARK [1][-]{section.30}{\376\377\000T\000h\000e\000\040\000H\000e\000s\000s\000i\000a\000n\000-\000N\000T\000K\000\040\000C\000o\000r\000r\000e\000s\000p\000o\000n\000d\000e\000n\000c\000e\000:\000\040\000A\000\040\000S\000p\000e\000c\000t\000r\000a\000l\000\040\000E\000q\000u\000i\000v\000a\000l\000e\000n\000c\000e}{}% 112
\BOOKMARK [2][-]{subsection.30.1}{\376\377\000D\000e\000c\000o\000m\000p\000o\000s\000i\000t\000i\000o\000n\000\040\000o\000f\000\040\000t\000h\000e\000\040\000H\000e\000s\000s\000i\000a\000n}{section.30}% 113
\BOOKMARK [2][-]{subsection.30.2}{\376\377\000M\000o\000m\000e\000n\000t\000\040\000A\000n\000a\000l\000y\000s\000i\000s\000\040\000a\000n\000d\000\040\000A\000s\000y\000m\000p\000t\000o\000t\000i\000c\000\040\000O\000r\000t\000h\000o\000g\000o\000n\000a\000l\000i\000t\000y}{section.30}% 114
\BOOKMARK [1][-]{section.31}{\376\377\000F\000u\000t\000u\000r\000e\000\040\000W\000o\000r\000k\000\040\000a\000n\000d\000\040\000O\000p\000e\000n\000\040\000Q\000u\000e\000s\000t\000i\000o\000n\000s}{}% 115
\BOOKMARK [1][-]{section.32}{\376\377\000C\000o\000n\000c\000l\000u\000s\000i\000o\000n}{}% 116
\BOOKMARK [2][-]{subsection.32.1}{\376\377\000A\000p\000p\000r\000o\000c\000h\000e\000s\000\040\000A\000l\000t\000e\000r\000n\000a\000t\000i\000v\000e\000s\000\040\000e\000t\000\040\000C\000o\000n\000c\000e\000n\000t\000r\000a\000t\000i\000o\000n}{section.32}% 117
\BOOKMARK [1][-]{section.33}{\376\377\000A\000n\000a\000l\000y\000s\000e\000\040\000d\000'\000A\000r\000c\000h\000i\000t\000e\000c\000t\000u\000r\000e\000s\000\040\000S\000p\000\351\000c\000i\000f\000i\000q\000u\000e\000s}{}% 118
\BOOKMARK [2][-]{subsection.33.1}{\376\377\000R\000\351\000s\000e\000a\000u\000x\000\040\000\340\000\040\000M\000\351\000m\000o\000i\000r\000e\000\040\000M\000a\000t\000r\000i\000c\000i\000e\000l\000l\000e\000\040\000\050\000M\000M\000N\000N\000\051\000\040\000e\000t\000\040\000T\000r\000a\000n\000s\000f\000o\000r\000m\000e\000u\000r\000s}{section.33}% 119
\BOOKMARK [1][-]{section.34}{\376\377\000M\000o\000d\000e\000l\000\040\000D\000e\000f\000i\000n\000i\000t\000i\000o\000n\000\040\000a\000n\000d\000\040\000A\000s\000y\000m\000p\000t\000o\000t\000i\000c\000\040\000R\000e\000g\000i\000m\000e}{}% 120
\BOOKMARK [2][-]{subsection.34.1}{\376\377\000M\000u\000l\000t\000i\000-\000L\000a\000y\000e\000r\000\040\000M\000M\000N\000N\000\040\000A\000r\000c\000h\000i\000t\000e\000c\000t\000u\000r\000e}{section.34}% 121
\BOOKMARK [2][-]{subsection.34.2}{\376\377\000P\000a\000r\000a\000m\000e\000t\000e\000r\000i\000z\000a\000t\000i\000o\000n\000\040\000a\000n\000d\000\040\000T\000r\000a\000i\000n\000i\000n\000g\000\040\000R\000e\000g\000i\000m\000e}{section.34}% 122
\BOOKMARK [2][-]{subsection.34.3}{\376\377\000A\000s\000y\000m\000p\000t\000o\000t\000i\000c\000\040\000R\000e\000g\000i\000m\000e}{section.34}% 123
\BOOKMARK [1][-]{section.35}{\376\377\000S\000i\000g\000n\000a\000l\000\040\000P\000r\000o\000p\000a\000g\000a\000t\000i\000o\000n\000\040\000a\000n\000d\000\040\000t\000h\000e\000\040\000E\000d\000g\000e\000\040\000o\000f\000\040\000C\000h\000a\000o\000s\000\040\000\050\000E\000O\000C\000\051}{}% 124
\BOOKMARK [1][-]{section.36}{\376\377\000T\000h\000e\000\040\000N\000T\000K\000\040\000a\000s\000\040\000a\000\040\000G\000u\000i\000d\000e\000\040\000t\000o\000\040\000t\000h\000e\000\040\000O\000p\000t\000i\000m\000i\000z\000a\000t\000i\000o\000n\000\040\000L\000a\000n\000d\000s\000c\000a\000p\000e}{}% 125
\BOOKMARK [1][-]{section.37}{\376\377\000N\000T\000K\000\040\000f\000o\000r\000\040\000a\000\040\000S\000i\000n\000g\000l\000e\000-\000L\000a\000y\000e\000r\000\040\000M\000M\000F\000N}{}% 126
\BOOKMARK [2][-]{subsection.37.1}{\376\377\000F\000r\000o\000m\000\040\000G\000r\000a\000d\000i\000e\000n\000t\000\040\000P\000r\000o\000d\000u\000c\000t\000s\000\040\000t\000o\000\040\000a\000n\000\040\000E\000x\000p\000e\000c\000t\000a\000t\000i\000o\000n}{section.37}% 127
\BOOKMARK [2][-]{subsection.37.2}{\376\377\000I\000n\000t\000e\000g\000r\000a\000l\000\040\000F\000o\000r\000m\000u\000l\000a\000t\000i\000o\000n\000\040\000a\000n\000d\000\040\000P\000a\000r\000a\000m\000e\000t\000e\000r\000\040\000M\000a\000p\000p\000i\000n\000g}{section.37}% 128
\BOOKMARK [2][-]{subsection.37.3}{\376\377\000F\000i\000n\000a\000l\000\040\000A\000n\000a\000l\000y\000t\000i\000c\000a\000l\000\040\000E\000x\000p\000r\000e\000s\000s\000i\000o\000n}{section.37}% 129
\BOOKMARK [3][-]{subsubsection.37.3.1}{\376\377\000D\000e\000t\000a\000i\000l\000e\000d\000\040\000K\000e\000r\000n\000e\000l\000\040\000C\000o\000m\000p\000u\000t\000a\000t\000i\000o\000n\000\040\000v\000i\000a\000\040\000N\000e\000s\000t\000e\000d\000\040\000E\000x\000p\000e\000c\000t\000a\000t\000i\000o\000n}{subsection.37.3}% 130
\BOOKMARK [1][-]{section.38}{\376\377\000R\000e\000c\000u\000r\000s\000i\000o\000n\000\040\000f\000o\000r\000\040\000M\000u\000l\000t\000i\000-\000L\000a\000y\000e\000r\000\040\000M\000M\000N\000N\000s}{}% 131
\BOOKMARK [2][-]{subsection.38.1}{\376\377\000T\000h\000e\000\040\000C\000r\000i\000t\000i\000c\000a\000l\000\040\000R\000o\000l\000e\000\040\000o\000f\000\040\000t\000h\000e\000\040\000\050\000w\000w\000\040\000T\000e\000r\000m\000\040\000i\000n\000\040\000t\000h\000e\000\040\000D\000e\000r\000i\000v\000a\000t\000i\000v\000e\000\040\000K\000e\000r\000n\000e\000l}{section.38}% 132
\BOOKMARK [2][-]{subsection.38.2}{\376\377\000R\000e\000m\000a\000r\000k\000\040\000o\000n\000\040\000M\000o\000d\000e\000l\000\040\000S\000t\000r\000u\000c\000t\000u\000r\000e\000\040\000a\000n\000d\000\040\000t\000h\000e\000\040\000R\000o\000l\000e\000\040\000o\000f\000\040}{section.38}% 133
\BOOKMARK [2][-]{subsection.38.3}{\376\377\000N\000N\000G\000P\000\040\000K\000e\000r\000n\000e\000l\000\040\000\050\000\051\000\040\000R\000e\000c\000u\000r\000s\000i\000o\000n}{section.38}% 134
\BOOKMARK [2][-]{subsection.38.4}{\376\377\000N\000T\000K\000\040\000K\000e\000r\000n\000e\000l\000\040\000\050\000\051\000\040\000R\000e\000c\000u\000r\000s\000i\000o\000n}{section.38}% 135
\BOOKMARK [1][-]{section.39}{\376\377\000S\000u\000m\000m\000a\000r\000y\000\040\000o\000f\000\040\000F\000o\000r\000m\000u\000l\000a\000s}{}% 136
\BOOKMARK [1][-]{section.40}{\376\377\000C\000o\000n\000c\000l\000u\000s\000i\000o\000n\000:\000\040\000A\000\040\000N\000e\000w\000\040\000P\000a\000r\000a\000d\000i\000g\000m\000\040\000f\000o\000r\000\040\000N\000T\000K\000\040\000A\000n\000a\000l\000y\000s\000i\000s}{}% 137
\BOOKMARK [1][-]{section.41}{\376\377\000O\000u\000t\000l\000o\000o\000k\000:\000\040\000A\000p\000p\000l\000i\000c\000a\000t\000i\000o\000n\000\040\000t\000o\000\040\000P\000I\000N\000N\000s\000\040\000a\000n\000d\000\040\000a\000n\000\040\000A\000n\000a\000l\000o\000g\000y\000\040\000t\000o\000\040\000W\000a\000v\000e\000l\000e\000t\000s}{}% 138
\BOOKMARK [1][-]{section.42}{\376\377\000F\000u\000t\000u\000r\000e\000\040\000W\000o\000r\000k}{}% 139
\BOOKMARK [2][-]{subsection.42.1}{\376\377\000N\000u\000m\000e\000r\000i\000c\000a\000l\000\040\000I\000n\000v\000e\000s\000t\000i\000g\000a\000t\000i\000o\000n\000s}{section.42}% 140
\BOOKMARK [2][-]{subsection.42.2}{\376\377\000M\000a\000t\000h\000e\000m\000a\000t\000i\000c\000a\000l\000\040\000I\000n\000v\000e\000s\000t\000i\000g\000a\000t\000i\000o\000n\000s}{section.42}% 141
\BOOKMARK [2][-]{subsection.42.3}{\376\377\000A\000s\000y\000m\000p\000t\000o\000t\000i\000c\000\040\000R\000e\000g\000i\000m\000e}{section.42}% 142
\BOOKMARK [1][-]{section.43}{\376\377\000N\000T\000K\000\040\000f\000o\000r\000\040\000a\000\040\000S\000i\000n\000g\000l\000e\000-\000L\000a\000y\000e\000r\000\040\000M\000M\000F\000N}{}% 143
\BOOKMARK [2][-]{subsection.43.1}{\376\377\000F\000r\000o\000m\000\040\000G\000r\000a\000d\000i\000e\000n\000t\000\040\000P\000r\000o\000d\000u\000c\000t\000s\000\040\000t\000o\000\040\000a\000n\000\040\000E\000x\000p\000e\000c\000t\000a\000t\000i\000o\000n}{section.43}% 144
\BOOKMARK [2][-]{subsection.43.2}{\376\377\000I\000n\000t\000e\000g\000r\000a\000l\000\040\000F\000o\000r\000m\000u\000l\000a\000t\000i\000o\000n\000\040\000a\000n\000d\000\040\000P\000a\000r\000a\000m\000e\000t\000e\000r\000\040\000M\000a\000p\000p\000i\000n\000g}{section.43}% 145
\BOOKMARK [2][-]{subsection.43.3}{\376\377\000F\000i\000n\000a\000l\000\040\000A\000n\000a\000l\000y\000t\000i\000c\000a\000l\000\040\000E\000x\000p\000r\000e\000s\000s\000i\000o\000n}{section.43}% 146
\BOOKMARK [1][-]{section.44}{\376\377\000R\000e\000c\000u\000r\000s\000i\000o\000n\000\040\000f\000o\000r\000\040\000M\000u\000l\000t\000i\000-\000L\000a\000y\000e\000r\000\040\000M\000M\000N\000N\000s}{}% 147
\BOOKMARK [2][-]{subsection.44.1}{\376\377\000R\000e\000m\000a\000r\000k\000\040\000o\000n\000\040\000M\000o\000d\000e\000l\000\040\000S\000t\000r\000u\000c\000t\000u\000r\000e\000\040\000a\000n\000d\000\040\000t\000h\000e\000\040\000R\000o\000l\000e\000\040\000o\000f\000\040}{section.44}% 148
\BOOKMARK [2][-]{subsection.44.2}{\376\377\000N\000N\000G\000P\000\040\000K\000e\000r\000n\000e\000l\000\040\000\050\000\051\000\040\000R\000e\000c\000u\000r\000s\000i\000o\000n}{section.44}% 149
\BOOKMARK [2][-]{subsection.44.3}{\376\377\000N\000T\000K\000\040\000K\000e\000r\000n\000e\000l\000\040\000\050\000\051\000\040\000R\000e\000c\000u\000r\000s\000i\000o\000n}{section.44}% 150
\BOOKMARK [1][-]{appendix.A}{\376\377\000A\000p\000p\000e\000n\000d\000i\000x}{}% 151
\BOOKMARK [1][-]{appendix.B}{\376\377\000D\000e\000e\000p\000\040\000N\000a\000r\000r\000o\000w\000\040\000N\000e\000u\000r\000a\000l\000\040\000N\000e\000t\000w\000o\000r\000k\000s}{}% 152
\BOOKMARK [2][-]{subsection.B.1}{\376\377\000S\000c\000a\000l\000e\000d\000\040\000N\000T\000K\000\040\000a\000t\000\040\000I\000n\000i\000t\000i\000a\000l\000i\000z\000a\000t\000i\000o\000n}{appendix.B}% 153
\BOOKMARK [2][-]{subsection.B.2}{\376\377\000R\000e\000s\000e\000a\000r\000c\000h\000\040\000P\000e\000r\000s\000p\000e\000c\000t\000i\000v\000e\000s\000\040\000f\000o\000r\000\040\000D\000e\000e\000p\000\040\000N\000a\000r\000r\000o\000w\000\040\000N\000e\000t\000w\000o\000r\000k\000s}{appendix.B}% 154
\BOOKMARK [1][-]{appendix.C}{\376\377\000M\000a\000i\000n\000\040\000P\000r\000o\000o\000f\000s}{}% 155
\BOOKMARK [2][-]{subsection.C.1}{\376\377\000P\000r\000o\000o\000f\000\040\0001\000:\000\040\000S\000o\000b\000o\000l\000e\000v\000\040\000L\000o\000s\000s\000\040\000a\000s\000\040\000F\000r\000a\000c\000t\000i\000o\000n\000a\000l\000\040\000L\000a\000p\000l\000a\000c\000i\000a\000n}{appendix.C}% 156
\BOOKMARK [2][-]{subsection.C.2}{\376\377\000A\000l\000t\000e\000r\000n\000a\000t\000i\000v\000e\000\040\000P\000r\000o\000o\000f\000:\000\040\000S\000o\000b\000o\000l\000e\000v\000\040\000L\000o\000s\000s\000\040\000o\000n\000\040\000U\000n\000b\000o\000u\000n\000d\000e\000d\000\040\000D\000o\000m\000a\000i\000n\000s\000\040\000v\000i\000a\000\040\000I\000n\000t\000e\000g\000r\000a\000t\000i\000o\000n\000\040\000b\000y\000\040\000P\000a\000r\000t\000s}{appendix.C}% 157
\BOOKMARK [2][-]{subsection.C.3}{\376\377\000C\000a\000s\000e\000\040\000o\000f\000\040\000L\000i\000m\000i\000t\000e\000d\000\040\000R\000e\000g\000u\000l\000a\000r\000i\000t\000y\000:\000\040\000F\000o\000u\000r\000i\000e\000r\000-\000B\000a\000s\000e\000d\000\040\000P\000r\000o\000o\000f}{appendix.C}% 158
\BOOKMARK [2][-]{subsection.C.4}{\376\377\000P\000r\000o\000o\000f\000\040\0002\000:\000\040\000N\000T\000K\000\040\000O\000p\000e\000r\000a\000t\000o\000r\000\040\000M\000u\000l\000t\000i\000p\000l\000i\000c\000a\000t\000i\000o\000n\000\040\000b\000y\000\040\000S\000o\000b\000o\000l\000e\000v\000\040\000O\000p\000e\000r\000a\000t\000o\000r}{appendix.C}% 159
\BOOKMARK [2][-]{subsection.C.5}{\376\377\000P\000r\000o\000o\000f\000\040\0003\000:\000\040\000S\000p\000e\000c\000t\000r\000a\000l\000\040\000P\000r\000o\000p\000e\000r\000t\000i\000e\000s\000\040\000o\000f\000\040\000t\000h\000e\000\040\000C\000o\000m\000p\000o\000s\000i\000t\000e\000\040\000O\000p\000e\000r\000a\000t\000o\000r}{appendix.C}% 160
\BOOKMARK [2][-]{subsection.C.6}{\376\377\000P\000r\000o\000o\000f\000\040\0004\000:\000\040\000C\000o\000m\000m\000u\000t\000a\000t\000i\000o\000n\000\040\000o\000f\000\040\000D\000i\000s\000c\000r\000e\000t\000e\000\040\000M\000a\000t\000r\000i\000x\000\040\000O\000p\000e\000r\000a\000t\000o\000r\000s}{appendix.C}% 161
\BOOKMARK [2][-]{subsection.C.7}{\376\377\000P\000r\000o\000o\000f\000\040\0005\000:\000\040\000E\000i\000g\000e\000n\000v\000a\000l\000u\000e\000\040\000S\000c\000a\000l\000i\000n\000g\000\040\000L\000a\000w\000s}{appendix.C}% 162
\BOOKMARK [2][-]{subsection.C.8}{\376\377\000S\000y\000n\000t\000h\000e\000s\000i\000s\000:\000\040\000U\000n\000i\000f\000i\000e\000d\000\040\000F\000r\000a\000m\000e\000w\000o\000r\000k\000\040\000f\000o\000r\000\040\000N\000T\000K\000-\000S\000o\000b\000o\000l\000e\000v\000\040\000A\000n\000a\000l\000y\000s\000i\000s}{appendix.C}% 163
\BOOKMARK [2][-]{subsection.C.9}{\376\377\000F\000r\000o\000m\000\040\000S\000o\000b\000o\000l\000e\000v\000\040\000L\000o\000s\000s\000\040\000t\000o\000\040\000D\000i\000s\000c\000r\000e\000t\000e\000\040\000M\000a\000t\000r\000i\000x\000\040\000O\000p\000e\000r\000a\000t\000o\000r}{appendix.C}% 164
\BOOKMARK [3][-]{subsubsection.C.9.1}{\376\377\000T\000w\000o\000\040\000I\000n\000t\000e\000g\000r\000a\000l\000\040\000F\000o\000r\000m\000u\000l\000a\000t\000i\000o\000n\000s}{subsection.C.9}% 165
\BOOKMARK [3][-]{subsubsection.C.9.2}{\376\377\000P\000r\000a\000c\000t\000i\000c\000a\000l\000\040\000I\000m\000p\000l\000e\000m\000e\000n\000t\000a\000t\000i\000o\000n\000\040\000C\000o\000n\000s\000i\000d\000e\000r\000a\000t\000i\000o\000n\000s}{subsection.C.9}% 166
\BOOKMARK [2][-]{subsection.C.10}{\376\377\000S\000p\000e\000c\000t\000r\000a\000l\000\040\000P\000r\000o\000p\000e\000r\000t\000i\000e\000s\000\040\000a\000n\000d\000\040\000D\000i\000m\000e\000n\000s\000i\000o\000n\000\040\000G\000r\000o\000w\000t\000h}{appendix.C}% 167
\BOOKMARK [2][-]{subsection.C.11}{\376\377\000C\000o\000m\000m\000o\000n\000\040\000E\000i\000g\000e\000n\000f\000u\000n\000c\000t\000i\000o\000n\000s\000\040\000P\000r\000o\000p\000e\000r\000t\000y}{appendix.C}% 168
\BOOKMARK [1][-]{appendix.D}{\376\377\000R\000e\000c\000o\000n\000c\000i\000l\000i\000n\000g\000\040\000N\000T\000K\000\040\000m\000a\000t\000r\000i\000x\000\040\000s\000p\000e\000c\000t\000r\000u\000m\000\040\000a\000n\000d\000\040\000S\000o\000b\000o\000l\000e\000v\000\040\000T\000r\000a\000i\000n\000i\000n\000g}{}% 169
\BOOKMARK [2][-]{subsection.D.1}{\376\377\000A\000\040\000U\000n\000i\000f\000i\000e\000d\000\040\000S\000p\000e\000c\000t\000r\000a\000l\000\040\000V\000i\000e\000w\000p\000o\000i\000n\000t\000:\000\040\000C\000o\000m\000m\000u\000t\000a\000t\000i\000o\000n\000\040\000a\000n\000d\000\040\000E\000i\000g\000e\000n\000v\000a\000l\000u\000e\000\040\000P\000r\000o\000d\000u\000c\000t\000s}{appendix.D}% 170
\BOOKMARK [2][-]{subsection.D.2}{\376\377\000A\000\040\000P\000a\000t\000h\000\040\000F\000o\000r\000w\000a\000r\000d\000:\000\040\000G\000e\000o\000m\000e\000t\000r\000i\000c\000\040\000A\000p\000p\000r\000o\000x\000i\000m\000a\000t\000i\000o\000n\000\040\000a\000n\000d\000\040\000E\000x\000p\000e\000r\000i\000m\000e\000n\000t\000a\000l\000\040\000V\000a\000l\000i\000d\000a\000t\000i\000o\000n}{appendix.D}% 171
\BOOKMARK [2][-]{subsection.D.3}{\376\377\000P\000e\000r\000s\000o\000n\000a\000l\000\040\000c\000o\000n\000t\000r\000i\000b\000u\000t\000i\000o\000n\000\040\000:\000\040\000N\000T\000K\000-\000S\000o\000b\000o\000l\000e\000v\000\040\000S\000p\000e\000c\000t\000r\000a\000l\000\040\000C\000o\000m\000m\000u\000t\000a\000t\000i\000o\000n\000\040\000p\000r\000o\000p\000e\000r\000t\000y}{appendix.D}% 172
\BOOKMARK [3][-]{subsubsection.D.3.1}{\376\377\000S\000o\000b\000o\000l\000e\000v\000\040\000o\000p\000e\000r\000a\000t\000o\000r\000\040\000a\000n\000d\000\040\000S\000o\000b\000o\000l\000e\000v\000\040\000n\000o\000r\000m\000s}{subsection.D.3}% 173
\BOOKMARK [3][-]{subsubsection.D.3.2}{\376\377\000D\000i\000s\000c\000r\000e\000t\000e\000\040\000r\000e\000a\000l\000i\000z\000a\000t\000i\000o\000n\000\040\000o\000n\000\040\000s\000a\000m\000p\000l\000e\000d\000\040\000d\000a\000t\000a}{subsection.D.3}% 174
\BOOKMARK [3][-]{subsubsection.D.3.3}{\376\377\000P\000e\000r\000s\000o\000n\000a\000\040\000c\000o\000n\000t\000r\000i\000b\000u\000t\000i\000o\000n\000\040\000:\000\040\000I\000n\000t\000e\000r\000a\000c\000t\000i\000o\000n\000\040\000w\000i\000t\000h\000\040\000r\000o\000t\000a\000t\000i\000o\000n\000a\000l\000l\000y\000\040\000i\000n\000v\000a\000r\000i\000a\000n\000t\000\040\000N\000T\000K\000\040\000o\000p\000e\000r\000a\000t\000o\000r\000s}{subsection.D.3}% 175
\BOOKMARK [3][-]{subsubsection.D.3.4}{\376\377\000S\000o\000b\000o\000l\000e\000v\000-\000t\000r\000a\000i\000n\000e\000d\000\040\000d\000y\000n\000a\000m\000i\000c\000s\000\040\000a\000n\000d\000\040\000c\000o\000m\000p\000o\000s\000i\000t\000e\000\040\000s\000p\000e\000c\000t\000r\000a}{subsection.D.3}% 176
\BOOKMARK [3][-]{subsubsection.D.3.5}{\376\377\000S\000a\000m\000p\000l\000i\000n\000g\000\040\000m\000e\000a\000s\000u\000r\000e\000s\000,\000\040\000d\000i\000s\000c\000r\000e\000t\000i\000z\000a\000t\000i\000o\000n\000,\000\040\000a\000n\000d\000\040\000c\000o\000m\000p\000u\000t\000a\000t\000i\000o\000n\000a\000l\000\040\000a\000s\000p\000e\000c\000t\000s}{subsection.D.3}% 177
\BOOKMARK [2][-]{subsection.D.4}{\376\377\000P\000r\000o\000o\000f\000\040\000o\000f\000\040\000t\000h\000e\000\040\000N\000N\000G\000P\000\040\000k\000e\000r\000n\000e\000l\000\040\000f\000o\000r\000\040\000a\000\040\000s\000i\000n\000g\000l\000e\000-\000l\000a\000y\000e\000r\000\040\000M\000M\000F\000N}{appendix.D}% 178
\BOOKMARK [2][-]{subsection.D.5}{\376\377\000P\000r\000o\000o\000f\000\040\000o\000f\000\040\000t\000h\000e\000\040\000N\000T\000K\000\040\000R\000e\000c\000u\000r\000r\000e\000n\000c\000e\000\040\000R\000e\000l\000a\000t\000i\000o\000n}{appendix.D}% 179
\BOOKMARK [1][-]{appendix.E}{\376\377\000S\000u\000m\000m\000a\000r\000y\000\040\000o\000f\000\040\000F\000o\000r\000m\000u\000l\000a\000s}{}% 180
\BOOKMARK [1][-]{appendix.F}{\376\377\000I\000n\000t\000r\000o\000d\000u\000c\000t\000i\000o\000n}{}% 181
\BOOKMARK [1][-]{appendix.G}{\376\377\000E\000x\000p\000e\000r\000i\000m\000e\000n\000t\000a\000l\000\040\000M\000e\000t\000h\000o\000d\000o\000l\000o\000g\000y}{}% 182
\BOOKMARK [2][-]{subsection.G.1}{\376\377\000M\000o\000d\000e\000l\000\040\000A\000r\000c\000h\000i\000t\000e\000c\000t\000u\000r\000e\000\040\000a\000n\000d\000\040\000D\000a\000t\000a}{appendix.G}% 183
\BOOKMARK [2][-]{subsection.G.2}{\376\377\000H\000y\000p\000e\000r\000p\000a\000r\000a\000m\000e\000t\000e\000r\000\040\000C\000o\000n\000f\000i\000g\000u\000r\000a\000t\000i\000o\000n}{appendix.G}% 184
\BOOKMARK [2][-]{subsection.G.3}{\376\377\000N\000T\000K\000\040\000C\000o\000m\000p\000u\000t\000a\000t\000i\000o\000n\000\040\000a\000n\000d\000\040\000S\000t\000a\000t\000i\000s\000t\000i\000c\000a\000l\000\040\000E\000s\000t\000i\000m\000a\000t\000i\000o\000n}{appendix.G}% 185
\BOOKMARK [1][-]{appendix.H}{\376\377\000R\000e\000s\000u\000l\000t\000s\000\040\000a\000n\000d\000\040\000O\000b\000s\000e\000r\000v\000a\000t\000i\000o\000n\000s}{}% 186
\BOOKMARK [2][-]{subsection.H.1}{\376\377\000I\000m\000p\000a\000c\000t\000\040\000o\000f\000\040\000I\000n\000t\000e\000r\000n\000a\000l\000\040\000R\000a\000n\000k\000\040\000o\000n\000\040\000N\000T\000K\000\040\000S\000t\000a\000t\000i\000s\000t\000i\000c\000s}{appendix.H}% 187
\BOOKMARK [2][-]{subsection.H.2}{\376\377\000D\000e\000p\000e\000n\000d\000e\000n\000c\000e\000\040\000o\000n\000\040\000t\000h\000e\000\040\000\040\000P\000a\000r\000a\000m\000e\000t\000e\000r}{appendix.H}% 188
\BOOKMARK [2][-]{subsection.H.3}{\376\377\000D\000i\000s\000t\000r\000i\000b\000u\000t\000i\000o\000n\000a\000l\000\040\000A\000n\000a\000l\000y\000s\000i\000s\000\040\000o\000f\000\040\000t\000h\000e\000\040\000N\000T\000K}{appendix.H}% 189
\BOOKMARK [2][-]{subsection.H.4}{\376\377\000M\000e\000a\000n\000\040\000N\000T\000K\000\040\000a\000n\000d\000\040\000S\000t\000r\000u\000c\000t\000u\000r\000a\000l\000\040\000P\000r\000o\000p\000e\000r\000t\000i\000e\000s}{appendix.H}% 190
\BOOKMARK [1][-]{appendix.I}{\376\377\000C\000o\000n\000c\000l\000u\000s\000i\000o\000n}{}% 191
\BOOKMARK [1][-]{appendix.J}{\376\377\000A\000p\000p\000e\000n\000d\000i\000x\000:\000\040\000C\000o\000n\000c\000e\000p\000t\000u\000a\000l\000\040\000N\000o\000t\000e\000s\000\040\000f\000r\000o\000m\000\040\000T\000r\000a\000n\000s\000c\000r\000i\000p\000t}{}% 192
\BOOKMARK [1][-]{appendix.K}{\376\377\000P\000r\000o\000o\000f\000\040\000o\000f\000\040\000t\000h\000e\000\040\000R\000e\000c\000u\000r\000s\000i\000v\000e\000\040\000F\000o\000r\000m\000u\000l\000a\000s}{}% 193
\BOOKMARK [1][-]{appendix.A}{\376\377\000A\000p\000p\000e\000n\000d\000i\000x\000:\000\040\000D\000e\000r\000i\000v\000a\000t\000i\000o\000n\000\040\000o\000f\000\040\000t\000h\000e\000\040\000V\000a\000r\000i\000a\000n\000c\000e\000\040\000R\000e\000c\000u\000r\000r\000e\000n\000c\000e\000\040\000\050\000E\000O\000C\000\051}{}% 194
\BOOKMARK [1][-]{appendix.B}{\376\377\000M\000M\000N\000N\000\040\000N\000T\000K\000\040\000f\000o\000r\000\040\0002\000\040\000h\000i\000d\000d\000e\000n\000\040\000l\000a\000y\000e\000r\000s}{}% 195
\BOOKMARK [2][-]{subsection.B.1}{\376\377\000r\000e\000c\000u\000r\000s\000i\000v\000e}{appendix.B}% 196
\BOOKMARK [2][-]{subsection.B.2}{\376\377\000E\000x\000p\000r\000e\000s\000s\000i\000o\000n\000\040\000f\000o\000r\000\040\000r\000a\000n\000d\000o\000m\000\040\000v\000a\000r\000i\000a\000b\000l\000e\000s\000\040\0001\000,\000\040\000x\0001\0002\000,\000\040\000y\0001\0002}{appendix.B}% 197
\BOOKMARK [3][-]{subsubsection.B.2.1}{\376\377\000F\000i\000n\000a\000l\000\040\000r\000e\000s\000u\000l\000t}{subsection.B.2}% 198
\BOOKMARK [2][-]{subsection.B.3}{\376\377\000I\000n\000t\000u\000i\000t\000i\000o\000n\000s\000\040\000s\000u\000r\000\040\000l\000e\000s\000\040\000P\000e\000r\000f\000o\000r\000m\000a\000n\000c\000e\000s}{appendix.B}% 199
\BOOKMARK [1][-]{appendix.C}{\376\377\000R\000\351\000s\000u\000l\000t\000a\000t\000s\000\040\000E\000x\000p\000\351\000r\000i\000m\000e\000n\000t\000a\000u\000x\000\040\000e\000t\000\040\000A\000p\000p\000l\000i\000c\000a\000t\000i\000o\000n\000s}{}% 200
\BOOKMARK [2][-]{subsection.C.1}{\376\377\000V\000a\000l\000i\000d\000a\000t\000i\000o\000n\000\040\000d\000e\000s\000\040\000L\000o\000i\000s\000\040\000d\000e\000\040\000S\000c\000a\000l\000i\000n\000g\000\040\000e\000t\000\040\000d\000e\000s\000\040\000C\000o\000r\000r\000e\000c\000t\000i\000o\000n\000s}{appendix.C}% 201
\BOOKMARK [2][-]{subsection.C.2}{\376\377\000A\000n\000a\000l\000y\000s\000e\000\040\000H\000e\000s\000s\000i\000e\000n\000n\000e\000\040\000e\000t\000\040\000D\000y\000n\000a\000m\000i\000q\000u\000e}{appendix.C}% 202
\BOOKMARK [2][-]{subsection.C.3}{\376\377\000A\000p\000p\000l\000i\000c\000a\000t\000i\000o\000n\000s\000\040\000e\000n\000\040\000S\000c\000i\000M\000L\000\040\000e\000t\000\040\000D\000i\000s\000c\000u\000s\000s\000i\000o\000n}{appendix.C}% 203
\BOOKMARK [1][-]{appendix.A}{\376\377\000F\000i\000s\000h\000e\000r\000,\000\040\000K\000i\000b\000b\000l\000e\000\040\000d\000i\000s\000t\000r\000i\000b\000u\000t\000i\000o\000n\000s\000\040\000a\000n\000d\000\040\000t\000h\000e\000\040\000f\000a\000k\000e\000\040\000"\000C\000u\000r\000s\000e\000\040\000o\000f\000\040\000D\000i\000m\000e\000n\000s\000i\000o\000n\000a\000l\000i\000t\000y\000"}{}% 204
\BOOKMARK [2][-]{subsection.A.1}{\376\377\000D\000i\000s\000t\000r\000i\000b\000u\000t\000i\000o\000n\000\040\000o\000f\000\040\000t\000h\000e\000\040\000C\000o\000r\000r\000e\000l\000a\000t\000i\000o\000n\000\040\000C\000o\000e\000f\000f\000i\000c\000i\000e\000n\000t\000\040\000r}{appendix.A}% 205
\BOOKMARK [2][-]{subsection.A.2}{\376\377\000T\000h\000e\000\040\000K\000i\000b\000b\000l\000e\000\040\000D\000i\000s\000t\000r\000i\000b\000u\000t\000i\000o\000n}{appendix.A}% 206
\BOOKMARK [1][-]{appendix.B}{\376\377\000P\000r\000i\000c\000e\000'\000s\000\040\000T\000h\000e\000o\000r\000e\000m\000\040\000a\000n\000d\000\040\000D\000e\000r\000i\000v\000a\000t\000i\000o\000n\000s}{}% 207
\BOOKMARK [2][-]{subsection.B.1}{\376\377\000C\000o\000m\000p\000u\000t\000i\000n\000g\000\040\000R\000e\000L\000U\000\040\000P\000r\000o\000d\000u\000c\000t\000\040\000E\000x\000p\000e\000c\000t\000a\000t\000i\000o\000n\000s}{appendix.B}% 208
\BOOKMARK [2][-]{subsection.B.2}{\376\377\000D\000e\000c\000o\000m\000p\000o\000s\000i\000t\000i\000o\000n}{appendix.B}% 209
\BOOKMARK [2][-]{subsection.B.3}{\376\377\000C\000a\000l\000c\000u\000l\000a\000t\000i\000o\000n\000\040\000o\000f\000\040\000t\000h\000e\000\040\000C\000o\000m\000p\000o\000n\000e\000n\000t\000s}{appendix.B}% 210
\BOOKMARK [1][-]{appendix.C}{\376\377\000U\000n\000s\000u\000c\000c\000e\000s\000s\000f\000u\000l\000\040\000A\000t\000t\000e\000m\000p\000t\000s\000\040\000t\000o\000\040\000C\000a\000l\000c\000u\000l\000a\000t\000e\000\040\000I\0002\0002}{}% 211
\BOOKMARK [2][-]{subsection.C.1}{\376\377\000V\000i\000a\000\040\000t\000h\000e\000\040\000I\000d\000e\000n\000t\000i\000t\000y\000\040\000o\000n\000\040\000t\000h\000e\000\040\000D\000e\000r\000i\000v\000a\000t\000i\000v\000e\000\040\000o\000f\000\040\0002}{appendix.C}% 212
\BOOKMARK [1][-]{appendix.D}{\376\377\000S\000p\000e\000c\000i\000a\000l\000\040\000C\000a\000s\000e\000:\000\040\000Z\000e\000r\000o\000\040\000M\000e\000a\000n\000s\000\040\000\050\0001\000=\0002\000=\0000\000\051}{}% 213
\BOOKMARK [2][-]{subsection.D.1}{\376\377\000E\000x\000p\000l\000i\000c\000i\000t\000\040\000F\000o\000r\000m\000u\000l\000a\000s\000\040\000f\000o\000r\000\040\000\040\000a\000n\000d\000\040}{appendix.D}% 214
\BOOKMARK [2][-]{subsection.D.2}{\376\377\000D\000i\000f\000f\000e\000r\000e\000n\000t\000i\000a\000l\000\040\000a\000n\000d\000\040\000I\000n\000t\000e\000g\000r\000a\000l\000\040\000F\000o\000r\000m}{appendix.D}% 215
\BOOKMARK [2][-]{subsection.D.3}{\376\377\000C\000a\000l\000c\000u\000l\000a\000t\000i\000n\000g\000\040\000t\000h\000e\000\040\000C\000o\000n\000s\000t\000a\000n\000t\000\040\000\050\000I\000n\000d\000e\000p\000e\000n\000d\000e\000n\000t\000\040\000C\000a\000s\000e\000\040\000=\0000\000\051}{appendix.D}% 216
\BOOKMARK [2][-]{subsection.D.4}{\376\377\000E\000x\000a\000c\000t\000\040\000m\000o\000m\000e\000n\000t\000s\000\040\000a\000n\000d\000\040\000c\000o\000r\000r\000e\000l\000a\000t\000i\000o\000n\000\040\000f\000o\000r\000\040\000K\000i\000b\000b\000l\000e\000\040\000v\000a\000r\000i\000a\000b\000l\000e\000s}{appendix.D}% 217
\BOOKMARK [2][-]{subsection.D.5}{\376\377\000P\000r\000o\000d\000u\000c\000t\000\040\000o\000f\000\040\000S\000q\000u\000a\000r\000e\000\040\000R\000o\000o\000t\000s\000\040\000o\000f\000\040\000K\000i\000b\000b\000l\000e\000\040\000V\000a\000r\000i\000a\000b\000l\000e\000s}{appendix.D}% 218
\BOOKMARK [2][-]{subsection.D.6}{\376\377\000I\000n\000d\000e\000p\000e\000n\000d\000e\000n\000c\000e\000\040\000P\000r\000o\000p\000e\000r\000t\000i\000e\000s\000\040\000a\000n\000d\000\040\000A\000s\000y\000m\000p\000t\000o\000t\000i\000c\000\040\000B\000e\000h\000a\000v\000i\000o\000r}{appendix.D}% 219
\BOOKMARK [1][-]{appendix.E}{\376\377\000E\000x\000p\000\351\000r\000i\000e\000n\000c\000e\000s\000\040\000n\000u\000m\000\351\000r\000i\000q\000u\000e\000s}{}% 220
