\BOOKMARK [1][-]{Doc-Start}{\376\377\000A\000b\000s\000t\000r\000a\000c\000t}{}% 1
\BOOKMARK [1][-]{Doc-Start}{\376\377\000E\000x\000e\000c\000u\000t\000i\000v\000e\000\040\000s\000u\000m\000m\000a\000r\000y}{}% 2
\BOOKMARK [1][-]{Doc-Start}{\376\377\000I\000n\000t\000r\000o\000d\000u\000c\000t\000i\000o\000n}{}% 3
\BOOKMARK [1][-]{Doc-Start}{\376\377\000N\000o\000t\000a\000t\000i\000o\000n\000s}{}% 4
\BOOKMARK [1][-]{section.1}{\376\377\000C\000o\000r\000r\000e\000c\000t\000i\000o\000n\000s\000\040\000\340\000\040\000L\000a\000r\000g\000e\000u\000r\000\040\000F\000i\000n\000i\000e\000\040\000e\000t\000\040\000R\000\351\000g\000i\000m\000e\000s\000\040\000d\000'\000A\000p\000p\000r\000e\000n\000t\000i\000s\000s\000a\000g\000e}{}% 5
\BOOKMARK [2][-]{subsection.1.1}{\376\377\000D\000\351\000v\000e\000l\000o\000p\000p\000e\000m\000e\000n\000t\000\040\000T\000h\000\351\000o\000r\000i\000q\000u\000e\000\040\000p\000o\000u\000r\000\040\000l\000e\000s\000\040\000F\000C\000N\000N}{section.1}% 6
\BOOKMARK [1][-]{section.2}{\376\377\000F\000r\000a\000m\000e\000w\000o\000r\000k\000\040\000a\000n\000d\000\040\000N\000o\000t\000a\000t\000i\000o\000n\000s}{}% 7
\BOOKMARK [2][-]{subsection.2.1}{\376\377\000N\000e\000u\000r\000a\000l\000\040\000N\000e\000t\000w\000o\000r\000k\000\040\000A\000r\000c\000h\000i\000t\000e\000c\000t\000u\000r\000e}{section.2}% 8
\BOOKMARK [2][-]{subsection.2.2}{\376\377\000T\000h\000e\000\040\000N\000e\000u\000r\000a\000l\000\040\000T\000a\000n\000g\000e\000n\000t\000\040\000K\000e\000r\000n\000e\000l\000\040\000\050\000N\000T\000K\000\051}{section.2}% 9
\BOOKMARK [2][-]{subsection.2.3}{\376\377\000T\000h\000e\000\040\000N\000e\000u\000r\000a\000l\000\040\000T\000a\000n\000g\000e\000n\000t\000\040\000H\000i\000e\000r\000a\000r\000c\000h\000y\000\040\000\050\000N\000T\000H\000\051}{section.2}% 10
\BOOKMARK [1][-]{section.3}{\376\377\000O\000t\000h\000e\000r\000\040\000p\000r\000o\000o\000f}{}% 11
\BOOKMARK [1][-]{section.4}{\376\377\000E\000x\000t\000e\000n\000d\000e\000d\000\040\000F\000o\000r\000m\000u\000l\000a\000\040\000f\000o\000r\000\040\000K\000\050\0003\000\051}{}% 12
\BOOKMARK [2][-]{subsection.4.1}{\376\377\000D\000e\000v\000e\000l\000o\000p\000m\000e\000n\000t\000\040\000o\000f\000\040\000R\000e\000c\000u\000r\000s\000i\000v\000e\000\040\000T\000e\000r\000m\000s}{section.4}% 13
\BOOKMARK [2][-]{subsection.4.2}{\376\377\000C\000o\000m\000p\000l\000e\000t\000e\000\040\000E\000x\000p\000r\000e\000s\000s\000i\000o\000n}{section.4}% 14
\BOOKMARK [1][-]{section.5}{\376\377\000F\000u\000l\000l\000y\000\040\000E\000x\000p\000a\000n\000d\000e\000d\000\040\000N\000o\000n\000-\000R\000e\000c\000u\000r\000s\000i\000v\000e\000\040\000F\000o\000r\000m\000u\000l\000a\000\040\000f\000o\000r\000\040\000K\000\050\0003\000\051}{}% 15
\BOOKMARK [1][-]{section.6}{\376\377\000R\000e\000c\000u\000r\000s\000i\000v\000e\000\040\000F\000o\000r\000m\000u\000l\000a\000\040\000f\000o\000r\000\040\000K\000\050\0003\000\051\000\040\000a\000s\000\040\000a\000\040\000F\000u\000n\000c\000t\000i\000o\000n\000\040\000o\000f\000\040\000D\000e\000p\000t\000h\000\040\000H}{}% 16
\BOOKMARK [1][-]{section.7}{\376\377\000F\000r\000a\000m\000e\000w\000o\000r\000k\000\040\000a\000n\000d\000\040\000N\000o\000t\000a\000t\000i\000o\000n\000s}{}% 17
\BOOKMARK [2][-]{subsection.7.1}{\376\377\000N\000e\000u\000r\000a\000l\000\040\000N\000e\000t\000w\000o\000r\000k\000\040\000A\000r\000c\000h\000i\000t\000e\000c\000t\000u\000r\000e}{section.7}% 18
\BOOKMARK [2][-]{subsection.7.2}{\376\377\000T\000h\000e\000\040\000N\000e\000u\000r\000a\000l\000\040\000T\000a\000n\000g\000e\000n\000t\000\040\000K\000e\000r\000n\000e\000l\000\040\000\050\000N\000T\000K\000\051}{section.7}% 19
\BOOKMARK [2][-]{subsection.7.3}{\376\377\000T\000h\000e\000\040\000N\000e\000u\000r\000a\000l\000\040\000T\000a\000n\000g\000e\000n\000t\000\040\000H\000i\000e\000r\000a\000r\000c\000h\000y\000\040\000\050\000N\000T\000H\000\051}{section.7}% 20
\BOOKMARK [1][-]{section.8}{\376\377\000I\000n\000t\000r\000o\000d\000u\000c\000t\000i\000o\000n}{}% 21
\BOOKMARK [1][-]{section.9}{\376\377\000S\000c\000a\000l\000i\000n\000g\000\040\000o\000f\000\040\000C\000o\000r\000e\000\040\000C\000o\000m\000p\000o\000n\000e\000n\000t\000s\000\040\000i\000n\000\040\000t\000h\000e\000\040\000N\000T\000K\000\040\000F\000o\000r\000m\000a\000l\000i\000s\000m}{}% 22
\BOOKMARK [1][-]{section.10}{\376\377\000A\000n\000a\000l\000y\000s\000i\000s\000\040\000o\000f\000\040\000t\000h\000e\000\040\000K\000\050\0003\000\051\000\040\000T\000e\000n\000s\000o\000r}{}% 23
\BOOKMARK [2][-]{subsection.10.1}{\376\377\000F\000o\000r\000w\000a\000r\000d\000\040\000D\000e\000r\000i\000v\000a\000t\000i\000v\000e\000\040\000T\000e\000r\000m\000\040\000x\000\050\000p\000\051}{section.10}% 24
\BOOKMARK [2][-]{subsection.10.2}{\376\377\000B\000a\000c\000k\000w\000a\000r\000d\000\040\000D\000e\000r\000i\000v\000a\000t\000i\000v\000e\000\040\000T\000e\000r\000m\000\040\000G\000\050\000\051}{section.10}% 25
\BOOKMARK [2][-]{subsection.10.3}{\376\377\000O\000v\000e\000r\000a\000l\000l\000\040\000S\000c\000a\000l\000i\000n\000g\000\040\000o\000f\000\040\000K\000\050\0003\000\051}{section.10}% 26
\BOOKMARK [1][-]{section.11}{\376\377\000C\000o\000n\000c\000l\000u\000s\000i\000o\000n\000\040\000o\000n\000\040\000D\000e\000p\000t\000h\000\040\000D\000e\000p\000e\000n\000d\000e\000n\000c\000e}{}% 27
\BOOKMARK [1][-]{section.12}{\376\377\000D\000e\000t\000a\000i\000l\000e\000d\000\040\000S\000c\000a\000l\000i\000n\000g\000\040\000A\000n\000a\000l\000y\000s\000i\000s\000\040\000w\000i\000t\000h\000\040\000R\000e\000s\000p\000e\000c\000t\000\040\000t\000o\000\040\000D\000e\000p\000t\000h\000\040\000H}{}% 28
\BOOKMARK [2][-]{subsection.12.1}{\376\377\000C\000o\000r\000e\000\040\000A\000s\000s\000u\000m\000p\000t\000i\000o\000n\000s\000\040\000a\000n\000d\000\040\000S\000c\000a\000l\000i\000n\000g\000\040\000o\000f\000\040\000C\000o\000m\000p\000o\000n\000e\000n\000t\000s}{section.12}% 29
\BOOKMARK [2][-]{subsection.12.2}{\376\377\000T\000e\000r\000m\000-\000b\000y\000-\000T\000e\000r\000m\000\040\000A\000n\000a\000l\000y\000s\000i\000s}{section.12}% 30
\BOOKMARK [2][-]{subsection.12.3}{\376\377\000O\000v\000e\000r\000a\000l\000l\000\040\000S\000c\000a\000l\000i\000n\000g\000\040\000a\000n\000d\000\040\000C\000o\000n\000c\000l\000u\000s\000i\000o\000n}{section.12}% 31
\BOOKMARK [1][-]{section.13}{\376\377\000I\000m\000p\000l\000e\000m\000e\000n\000t\000a\000t\000i\000o\000n\000\040\000o\000f\000\040\000t\000h\000e\000\040\000N\000T\000K\000,\000\040\000a\000n\000d\000\040\000t\000h\000e\000\040\000c\000o\000d\000e\000\040\000c\000o\000r\000r\000e\000s\000p\000o\000n\000d\000e\000n\000c\000e}{}% 32
\BOOKMARK [2][-]{subsection.13.1}{\376\377\000C\000o\000d\000e\000\040\000S\000t\000r\000u\000c\000t\000u\000r\000e\000\040\000a\000n\000d\000\040\000C\000o\000r\000r\000e\000s\000p\000o\000n\000d\000e\000n\000c\000e\000\040\000t\000o\000\040\000F\000o\000r\000m\000u\000l\000a\000s}{section.13}% 33
\BOOKMARK [2][-]{subsection.13.2}{\376\377\000F\000u\000t\000u\000r\000e\000\040\000W\000o\000r\000k\000:\000\040\000O\000p\000t\000i\000m\000i\000z\000a\000t\000i\000o\000n\000\040\000w\000i\000t\000h\000\040\000A\000u\000t\000o\000m\000a\000t\000i\000c\000\040\000D\000i\000f\000f\000e\000r\000e\000n\000t\000i\000a\000t\000i\000o\000n}{section.13}% 34
\BOOKMARK [1][-]{section.14}{\376\377\000E\000m\000p\000i\000r\000i\000c\000a\000l\000\040\000V\000a\000l\000i\000d\000a\000t\000i\000o\000n\000:\000\040\000E\000x\000p\000e\000r\000i\000m\000e\000n\000t\000a\000l\000\040\000S\000e\000t\000u\000p\000\040\000a\000n\000d\000\040\000A\000n\000a\000l\000y\000s\000i\000s}{}% 35
\BOOKMARK [2][-]{subsection.14.1}{\376\377\000E\000x\000p\000e\000r\000i\000m\000e\000n\000t\000a\000l\000\040\000D\000e\000s\000i\000g\000n}{section.14}% 36
\BOOKMARK [2][-]{subsection.14.2}{\376\377\000D\000a\000t\000a\000\040\000A\000n\000a\000l\000y\000s\000i\000s\000\040\000a\000n\000d\000\040\000C\000o\000n\000n\000e\000c\000t\000i\000o\000n\000\040\000t\000o\000\040\000T\000h\000e\000o\000r\000y}{section.14}% 37
\BOOKMARK [1][-]{section.15}{\376\377\000D\000e\000e\000p\000\040\000D\000i\000v\000e\000\040\000i\000n\000t\000o\000\040\000Q\000u\000a\000n\000t\000i\000t\000a\000t\000i\000v\000e\000\040\000M\000e\000t\000r\000i\000c\000s}{}% 38
\BOOKMARK [2][-]{subsection.15.1}{\376\377\000A\000n\000a\000l\000y\000s\000i\000s\000\040\000o\000f\000\040\000t\000h\000e\000\040\000S\000c\000a\000l\000e\000d\000\040\000I\000n\000f\000i\000n\000i\000t\000y\000\040\000N\000o\000r\000m}{section.15}% 39
\BOOKMARK [2][-]{subsection.15.2}{\376\377\000S\000p\000e\000c\000t\000r\000a\000l\000\040\000A\000n\000a\000l\000y\000s\000i\000s\000\040\000o\000f\000\040\000T\000e\000n\000s\000o\000r\000\040\000S\000l\000i\000c\000e\000s}{section.15}% 40
\BOOKMARK [1][-]{section.16}{\376\377\000I\000m\000p\000l\000e\000m\000e\000n\000t\000a\000t\000i\000o\000n\000\040\000o\000f\000\040\000t\000h\000e\000\040\000N\000T\000K\000,\000\040\000a\000n\000d\000\040\000t\000h\000e\000\040\000c\000o\000d\000e\000\040\000c\000o\000r\000r\000e\000s\000p\000o\000n\000d\000e\000n\000c\000e}{}% 41
\BOOKMARK [2][-]{subsection.16.1}{\376\377\000C\000o\000d\000e\000\040\000S\000t\000r\000u\000c\000t\000u\000r\000e\000\040\000a\000n\000d\000\040\000C\000o\000r\000r\000e\000s\000p\000o\000n\000d\000e\000n\000c\000e\000\040\000t\000o\000\040\000F\000o\000r\000m\000u\000l\000a\000s}{section.16}% 42
\BOOKMARK [2][-]{subsection.16.2}{\376\377\000F\000u\000t\000u\000r\000e\000\040\000W\000o\000r\000k\000:\000\040\000O\000p\000t\000i\000m\000i\000z\000a\000t\000i\000o\000n\000\040\000w\000i\000t\000h\000\040\000A\000u\000t\000o\000m\000a\000t\000i\000c\000\040\000D\000i\000f\000f\000e\000r\000e\000n\000t\000i\000a\000t\000i\000o\000n}{section.16}% 43
\BOOKMARK [1][-]{section.17}{\376\377\000E\000m\000p\000i\000r\000i\000c\000a\000l\000\040\000V\000a\000l\000i\000d\000a\000t\000i\000o\000n\000:\000\040\000E\000x\000p\000e\000r\000i\000m\000e\000n\000t\000a\000l\000\040\000S\000e\000t\000u\000p\000\040\000a\000n\000d\000\040\000A\000n\000a\000l\000y\000s\000i\000s}{}% 44
\BOOKMARK [2][-]{subsection.17.1}{\376\377\000E\000x\000p\000e\000r\000i\000m\000e\000n\000t\000a\000l\000\040\000D\000e\000s\000i\000g\000n}{section.17}% 45
\BOOKMARK [2][-]{subsection.17.2}{\376\377\000D\000a\000t\000a\000\040\000A\000n\000a\000l\000y\000s\000i\000s\000\040\000a\000n\000d\000\040\000C\000o\000n\000n\000e\000c\000t\000i\000o\000n\000\040\000t\000o\000\040\000T\000h\000e\000o\000r\000y}{section.17}% 46
\BOOKMARK [1][-]{section.18}{\376\377\000D\000e\000e\000p\000\040\000D\000i\000v\000e\000\040\000i\000n\000t\000o\000\040\000Q\000u\000a\000n\000t\000i\000t\000a\000t\000i\000v\000e\000\040\000M\000e\000t\000r\000i\000c\000s}{}% 47
\BOOKMARK [2][-]{subsection.18.1}{\376\377\000A\000n\000a\000l\000y\000s\000i\000s\000\040\000o\000f\000\040\000t\000h\000e\000\040\000S\000c\000a\000l\000e\000d\000\040\000I\000n\000f\000i\000n\000i\000t\000y\000\040\000N\000o\000r\000m}{section.18}% 48
\BOOKMARK [2][-]{subsection.18.2}{\376\377\000S\000p\000e\000c\000t\000r\000a\000l\000\040\000A\000n\000a\000l\000y\000s\000i\000s\000\040\000o\000f\000\040\000T\000e\000n\000s\000o\000r\000\040\000S\000l\000i\000c\000e\000s}{section.18}% 49
\BOOKMARK [1][-]{section.19}{\376\377\000D\000e\000e\000p\000e\000r\000\040\000A\000n\000a\000l\000y\000s\000i\000s\000\040\000o\000f\000\040\000F\000i\000n\000i\000t\000e\000-\000W\000i\000d\000t\000h\000\040\000C\000o\000r\000r\000e\000c\000t\000i\000o\000n\000s}{}% 50
\BOOKMARK [2][-]{subsection.19.1}{\376\377\000E\000m\000p\000i\000r\000i\000c\000a\000l\000\040\000S\000c\000a\000l\000i\000n\000g\000\040\000L\000a\000w\000s}{section.19}% 51
\BOOKMARK [2][-]{subsection.19.2}{\376\377\000T\000h\000e\000o\000r\000e\000t\000i\000c\000a\000l\000\040\000I\000n\000t\000e\000r\000p\000r\000e\000t\000a\000t\000i\000o\000n}{section.19}% 52
\BOOKMARK [1][-]{section.20}{\376\377\000E\000x\000p\000e\000r\000i\000m\000e\000n\000t\000a\000l\000\040\000V\000a\000l\000i\000d\000a\000t\000i\000o\000n}{}% 53
\BOOKMARK [2][-]{subsection.20.1}{\376\377\000E\000x\000p\000e\000r\000i\000m\000e\000n\000t\000a\000l\000\040\000S\000e\000t\000u\000p}{section.20}% 54
\BOOKMARK [2][-]{subsection.20.2}{\376\377\000M\000e\000t\000h\000o\000d\000o\000l\000o\000g\000y}{section.20}% 55
\BOOKMARK [2][-]{subsection.20.3}{\376\377\000R\000e\000s\000u\000l\000t\000s\000\040\000a\000n\000d\000\040\000D\000i\000s\000c\000u\000s\000s\000i\000o\000n}{section.20}% 56
\BOOKMARK [2][-]{subsection.20.4}{\376\377\000O\000v\000e\000r\000a\000l\000l\000\040\000S\000c\000a\000l\000i\000n\000g\000\040\000a\000n\000d\000\040\000C\000o\000n\000c\000l\000u\000s\000i\000o\000n}{section.20}% 57
\BOOKMARK [2][-]{subsection.20.5}{\376\377\000R\000e\000s\000u\000l\000t\000s\000\040\000a\000n\000d\000\040\000D\000i\000s\000c\000u\000s\000s\000i\000o\000n}{section.20}% 58
\BOOKMARK [2][-]{subsection.20.6}{\376\377\000I\000m\000p\000l\000e\000m\000e\000n\000t\000a\000t\000i\000o\000n\000\040\000N\000o\000t\000e\000:\000\040\000T\000h\000e\000\040\000P\000e\000r\000i\000l\000s\000\040\000o\000f\000\040\000P\000a\000r\000a\000m\000e\000t\000e\000r\000i\000z\000a\000t\000i\000o\000n}{section.20}% 59
\BOOKMARK [1][-]{section.21}{\376\377\000w\000k\0007\000:\000\040\000A\000\040\000R\000a\000n\000d\000o\000m\000\040\000M\000a\000t\000r\000i\000x\000\040\000P\000e\000r\000s\000p\000e\000c\000t\000i\000v\000e\000\040\000o\000n\000\040\000t\000h\000e\000\040\000N\000T\000K\000\040\000C\000o\000r\000r\000e\000c\000t\000i\000o\000n}{}% 60
\BOOKMARK [2][-]{subsection.21.1}{\376\377\000E\000m\000p\000i\000r\000i\000c\000a\000l\000\040\000S\000p\000e\000c\000t\000r\000a\000l\000\040\000S\000t\000r\000u\000c\000t\000u\000r\000e\000\040\000a\000n\000d\000\040\000t\000h\000e\000\040\000C\000o\000n\000s\000t\000a\000n\000t\000\040\000M\000o\000d\000e}{section.21}% 61
\BOOKMARK [2][-]{subsection.21.2}{\376\377\000S\000c\000a\000l\000i\000n\000g\000\040\000A\000n\000a\000l\000y\000s\000i\000s\000\040\000o\000f\000\040\000C\000o\000r\000r\000e\000c\000t\000i\000o\000n\000\040\000T\000e\000r\000m\000s}{section.21}% 62
\BOOKMARK [2][-]{subsection.21.3}{\376\377\000D\000i\000s\000c\000u\000s\000s\000i\000o\000n\000\040\000a\000n\000d\000\040\000E\000x\000p\000e\000r\000i\000m\000e\000n\000t\000a\000l\000\040\000V\000a\000l\000i\000d\000a\000t\000i\000o\000n}{section.21}% 63
\BOOKMARK [2][-]{subsection.21.4}{\376\377\000F\000o\000c\000u\000s\000:\000\040\000A\000n\000\040\000R\000M\000T\000\040\000F\000r\000a\000m\000e\000w\000o\000r\000k\000\040\000f\000o\000r\000\040\000t\000h\000e\000\040\000N\000T\000K}{section.21}% 64
\BOOKMARK [3][-]{subsubsection.21.4.1}{\376\377\000T\000h\000e\000\040\000N\000T\000K\000\040\000a\000s\000\040\000a\000\040\000S\000p\000i\000k\000e\000d\000\040\000C\000o\000v\000a\000r\000i\000a\000n\000c\000e\000\040\000M\000a\000t\000r\000i\000x}{subsection.21.4}% 65
\BOOKMARK [3][-]{subsubsection.21.4.2}{\376\377\000T\000h\000e\000\040\000B\000B\000P\000\040\000P\000h\000a\000s\000e\000\040\000T\000r\000a\000n\000s\000i\000t\000i\000o\000n\000\040\000a\000n\000d\000\040\000F\000e\000a\000t\000u\000r\000e\000\040\000L\000e\000a\000r\000n\000i\000n\000g}{subsection.21.4}% 66
\BOOKMARK [2][-]{subsection.21.5}{\376\377\000T\000h\000e\000\040\000I\000n\000f\000l\000u\000e\000n\000c\000e\000\040\000o\000f\000\040\000D\000e\000p\000t\000h\000\040\000L\000\040\000o\000n\000\040\000t\000h\000e\000\040\000B\000B\000P\000\040\000T\000h\000r\000e\000s\000h\000o\000l\000d}{section.21}% 67
\BOOKMARK [1][-]{section.22}{\376\377\000F\000u\000t\000u\000r\000e\000\040\000W\000o\000r\000k}{}% 68
\BOOKMARK [2][-]{subsection.22.1}{\376\377\000E\000x\000p\000l\000i\000c\000i\000t\000\040\000I\000n\000d\000e\000x\000e\000d\000\040\000F\000o\000r\000m\000u\000l\000a\000\040\000f\000o\000r\000\040\000O\0003}{section.22}% 69
\BOOKMARK [2][-]{subsection.22.2}{\376\377\000E\000x\000p\000l\000i\000c\000i\000t\000\040\000F\000o\000r\000m\000u\000l\000a\000s\000\040\000f\000o\000r\000\040\000t\000h\000e\000\040\000C\000o\000r\000r\000e\000c\000t\000i\000o\000n\000s}{section.22}% 70
\BOOKMARK [1][-]{section.23}{\376\377\000O\000n\000\040\000t\000h\000e\000\040\000F\000o\000u\000r\000t\000h\000-\000O\000r\000d\000e\000r\000\040\000K\000e\000r\000n\000e\000l\000\040\000O\0004\000\040\000a\000n\000d\000\040\000i\000t\000s\000\040\000C\000o\000m\000p\000u\000t\000a\000t\000i\000o\000n}{}% 71
\BOOKMARK [1][-]{section.24}{\376\377\000F\000r\000o\000m\000\040\000S\000c\000a\000l\000i\000n\000g\000\040\000L\000a\000w\000s\000\040\000t\000o\000\040\000S\000p\000e\000c\000t\000r\000a\000l\000\040\000S\000t\000a\000t\000i\000s\000t\000i\000c\000s\000:\000\040\000T\000h\000e\000\040\000N\000e\000e\000d\000\040\000f\000o\000r\000\040\000a\000\040\000D\000e\000e\000p\000e\000r\000\040\000L\000o\000o\000k}{}% 72
\BOOKMARK [2][-]{subsection.24.1}{\376\377\000R\000e\000c\000a\000p\000i\000t\000u\000l\000a\000t\000i\000o\000n\000:\000\040\000T\000h\000e\000\040\000S\000c\000a\000l\000i\000n\000g\000\040\000P\000u\000z\000z\000l\000e}{section.24}% 73
\BOOKMARK [2][-]{subsection.24.2}{\376\377\000F\000i\000r\000s\000t\000\040\000I\000n\000c\000u\000r\000s\000i\000o\000n\000s\000\040\000i\000n\000t\000o\000\040\000E\000i\000g\000e\000n\000v\000e\000c\000t\000o\000r\000\040\000S\000t\000a\000t\000i\000s\000t\000i\000c\000s}{section.24}% 74
\BOOKMARK [1][-]{section.25}{\376\377\000A\000n\000\040\000U\000n\000e\000x\000p\000e\000c\000t\000e\000d\000\040\000D\000i\000s\000c\000o\000v\000e\000r\000y\000:\000\040\000T\000h\000e\000\040\000G\000a\000u\000s\000s\000i\000a\000n\000\040\000O\000r\000t\000h\000o\000g\000o\000n\000a\000l\000\040\000E\000n\000s\000e\000m\000b\000l\000e\000\040\000i\000n\000\040\000t\000h\000e\000\040\000N\000T\000K\000\040\000S\000p\000e\000c\000t\000r\000u\000m}{}% 75
\BOOKMARK [2][-]{subsection.25.1}{\376\377\000A\000\040\000P\000r\000i\000m\000e\000r\000\040\000o\000n\000\040\000R\000a\000n\000d\000o\000m\000\040\000M\000a\000t\000r\000i\000x\000\040\000T\000h\000e\000o\000r\000y\000\040\000a\000n\000d\000\040\000S\000p\000e\000c\000t\000r\000a\000l\000\040\000S\000t\000a\000t\000i\000s\000t\000i\000c\000s}{section.25}% 76
\BOOKMARK [2][-]{subsection.25.2}{\376\377\000T\000h\000e\000\040\000N\000T\000K\000\040\000B\000u\000l\000k\000\040\000S\000p\000e\000c\000t\000r\000u\000m\000\040\000O\000b\000e\000y\000s\000\040\000G\000O\000E\000\040\000S\000t\000a\000t\000i\000s\000t\000i\000c\000s}{section.25}% 77
\BOOKMARK [2][-]{subsection.25.3}{\376\377\000T\000h\000e\000o\000r\000e\000t\000i\000c\000a\000l\000\040\000I\000m\000p\000l\000i\000c\000a\000t\000i\000o\000n\000s\000\040\000a\000n\000d\000\040\000C\000o\000n\000j\000e\000c\000t\000u\000r\000e\000s}{section.25}% 78
\BOOKMARK [3][-]{subsubsection.25.3.1}{\376\377\000S\000y\000m\000m\000e\000t\000r\000y\000\040\000a\000s\000\040\000t\000h\000e\000\040\000O\000r\000i\000g\000i\000n\000\040\000o\000f\000\040\000G\000O\000E\000\040\000B\000e\000h\000a\000v\000i\000o\000r}{subsection.25.3}% 79
\BOOKMARK [3][-]{subsubsection.25.3.2}{\376\377\000A\000\040\000S\000o\000l\000i\000d\000\040\000F\000o\000o\000t\000i\000n\000g\000\040\000f\000o\000r\000\040\000S\000c\000a\000l\000i\000n\000g\000\040\000L\000a\000w\000\040\000A\000n\000a\000l\000y\000s\000i\000s}{subsection.25.3}% 80
\BOOKMARK [1][-]{section.26}{\376\377\000T\000h\000e\000\040\000H\000e\000s\000s\000i\000a\000n\000-\000N\000T\000K\000\040\000C\000o\000r\000r\000e\000s\000p\000o\000n\000d\000e\000n\000c\000e\000:\000\040\000A\000\040\000S\000p\000e\000c\000t\000r\000a\000l\000\040\000E\000q\000u\000i\000v\000a\000l\000e\000n\000c\000e}{}% 81
\BOOKMARK [2][-]{subsection.26.1}{\376\377\000D\000e\000c\000o\000m\000p\000o\000s\000i\000t\000i\000o\000n\000\040\000o\000f\000\040\000t\000h\000e\000\040\000H\000e\000s\000s\000i\000a\000n}{section.26}% 82
\BOOKMARK [2][-]{subsection.26.2}{\376\377\000M\000o\000m\000e\000n\000t\000\040\000A\000n\000a\000l\000y\000s\000i\000s\000\040\000a\000n\000d\000\040\000A\000s\000y\000m\000p\000t\000o\000t\000i\000c\000\040\000O\000r\000t\000h\000o\000g\000o\000n\000a\000l\000i\000t\000y}{section.26}% 83
\BOOKMARK [1][-]{section.27}{\376\377\000F\000u\000t\000u\000r\000e\000\040\000W\000o\000r\000k\000\040\000a\000n\000d\000\040\000O\000p\000e\000n\000\040\000Q\000u\000e\000s\000t\000i\000o\000n\000s}{}% 84
\BOOKMARK [1][-]{section.28}{\376\377\000C\000o\000n\000c\000l\000u\000s\000i\000o\000n}{}% 85
