\BOOKMARK [1][-]{Doc-Start}{\376\377\000A\000b\000s\000t\000r\000a\000c\000t}{}% 1
\BOOKMARK [1][-]{Doc-Start}{\376\377\000E\000x\000e\000c\000u\000t\000i\000v\000e\000\040\000s\000u\000m\000m\000a\000r\000y}{}% 2
\BOOKMARK [1][-]{Doc-Start}{\376\377\000I\000n\000t\000r\000o\000d\000u\000c\000t\000i\000o\000n}{}% 3
\BOOKMARK [1][-]{Doc-Start}{\376\377\000N\000o\000t\000a\000t\000i\000o\000n\000s}{}% 4
\BOOKMARK [2][-]{subsection.0.1}{\376\377\000M\000u\000l\000t\000i\000-\000C\000o\000m\000p\000o\000n\000e\000n\000t\000\040\000M\000u\000l\000t\000i\000-\000l\000a\000y\000e\000r\000\040\000N\000e\000u\000r\000a\000l\000\040\000N\000e\000t\000w\000o\000r\000k\000s\000\040\000\050\000M\000M\000N\000N\000\051\000\040\000a\000n\000d\000\040\000T\000r\000a\000n\000s\000f\000o\000r\000m\000e\000r\000s}{Doc-Start}% 5
\BOOKMARK [3][-]{subsubsection.0.1.1}{\376\377\000F\000e\000a\000t\000u\000r\000e\000\040\000L\000e\000a\000r\000n\000i\000n\000g\000\040\000v\000s\000\040\000K\000e\000r\000n\000e\000l\000\040\000R\000e\000g\000i\000m\000e\000s}{subsection.0.1}% 6
\BOOKMARK [1][-]{section.1}{\376\377\000M\000o\000d\000e\000l\000\040\000D\000e\000f\000i\000n\000i\000t\000i\000o\000n\000\040\000a\000n\000d\000\040\000A\000s\000y\000m\000p\000t\000o\000t\000i\000c\000\040\000R\000e\000g\000i\000m\000e}{}% 7
\BOOKMARK [2][-]{subsection.1.1}{\376\377\000P\000e\000r\000s\000o\000n\000a\000l\000\040\000c\000o\000n\000t\000r\000i\000b\000u\000t\000i\000o\000n\000\040\000:\000\040\000N\000T\000K\000\040\000c\000o\000m\000p\000a\000t\000i\000b\000l\000e\000\040\000M\000u\000l\000t\000i\000-\000L\000a\000y\000e\000r\000\040\000M\000M\000N\000N\000\040\000A\000r\000c\000h\000i\000t\000e\000c\000t\000u\000r\000e}{section.1}% 8
\BOOKMARK [2][-]{subsection.1.2}{\376\377\000P\000a\000r\000a\000m\000e\000t\000e\000r\000i\000z\000a\000t\000i\000o\000n\000\040\000a\000n\000d\000\040\000T\000r\000a\000i\000n\000i\000n\000g\000\040\000R\000e\000g\000i\000m\000e}{section.1}% 9
\BOOKMARK [2][-]{subsection.1.3}{\376\377\000P\000e\000r\000s\000o\000n\000a\000l\000\040\000c\000o\000n\000t\000r\000i\000b\000u\000t\000i\000o\000n\000\040\000:\000\040\000A\000s\000y\000m\000p\000t\000o\000t\000i\000c\000\040\000R\000e\000g\000i\000m\000e}{section.1}% 10
\BOOKMARK [2][-]{subsection.1.4}{\376\377\000P\000e\000r\000s\000o\000n\000a\000l\000\040\000c\000o\000n\000t\000r\000i\000b\000u\000t\000i\000o\000n\000\040\000:\000\040\000S\000i\000g\000n\000a\000l\000\040\000P\000r\000o\000p\000a\000g\000a\000t\000i\000o\000n\000\040\000a\000n\000d\000\040\000t\000h\000e\000\040\000E\000d\000g\000e\000\040\000o\000f\000\040\000C\000h\000a\000o\000s\000\040\000\050\000E\000O\000C\000\051}{section.1}% 11
\BOOKMARK [1][-]{section.2}{\376\377\000N\000T\000K\000\040\000f\000o\000r\000m\000u\000l\000a\000s\000\040\000f\000o\000r\000\040\000M\000M\000N\000N\000s}{}% 12
\BOOKMARK [2][-]{subsection.2.1}{\376\377\000N\000T\000K\000\040\000f\000o\000r\000\040\000a\000\040\000S\000i\000n\000g\000l\000e\000-\000L\000a\000y\000e\000r\000\040\000M\000M\000F\000N}{section.2}% 13
\BOOKMARK [2][-]{subsection.2.2}{\376\377\000F\000r\000o\000m\000\040\000G\000r\000a\000d\000i\000e\000n\000t\000\040\000P\000r\000o\000d\000u\000c\000t\000s\000\040\000t\000o\000\040\000a\000n\000\040\000E\000x\000p\000e\000c\000t\000a\000t\000i\000o\000n}{section.2}% 14
\BOOKMARK [2][-]{subsection.2.3}{\376\377\000I\000n\000t\000e\000g\000r\000a\000l\000\040\000F\000o\000r\000m\000u\000l\000a\000t\000i\000o\000n\000\040\000a\000n\000d\000\040\000P\000a\000r\000a\000m\000e\000t\000e\000r\000\040\000M\000a\000p\000p\000i\000n\000g}{section.2}% 15
\BOOKMARK [2][-]{subsection.2.4}{\376\377\000F\000i\000n\000a\000l\000\040\000A\000n\000a\000l\000y\000t\000i\000c\000a\000l\000\040\000E\000x\000p\000r\000e\000s\000s\000i\000o\000n}{section.2}% 16
\BOOKMARK [2][-]{subsection.2.5}{\376\377\000R\000e\000c\000u\000r\000s\000i\000o\000n\000\040\000f\000o\000r\000\040\000M\000u\000l\000t\000i\000-\000L\000a\000y\000e\000r\000\040\000M\000M\000N\000N\000s}{section.2}% 17
\BOOKMARK [2][-]{subsection.2.6}{\376\377\000N\000N\000G\000P\000\040\000K\000e\000r\000n\000e\000l\000\040\000\050\000\051\000\040\000R\000e\000c\000u\000r\000s\000i\000o\000n}{section.2}% 18
\BOOKMARK [2][-]{subsection.2.7}{\376\377\000N\000T\000K\000\040\000K\000e\000r\000n\000e\000l\000\040\000\050\000\051\000\040\000R\000e\000c\000u\000r\000s\000i\000o\000n}{section.2}% 19
\BOOKMARK [2][-]{subsection.2.8}{\376\377\000N\000T\000K\000\040\000K\000e\000r\000n\000e\000l\000\040\000\050\000\051\000\040\000R\000e\000c\000u\000r\000s\000i\000o\000n}{section.2}% 20
\BOOKMARK [2][-]{subsection.2.9}{\376\377\000T\000w\000o\000\040\000H\000i\000d\000d\000e\000n\000\040\000L\000a\000y\000e\000r\000\040\000M\000M\000N\000N\000\040\000A\000r\000c\000h\000i\000t\000e\000c\000t\000u\000r\000e}{section.2}% 21
\BOOKMARK [2][-]{subsection.2.10}{\376\377\000F\000i\000s\000h\000e\000r\000\040\000a\000n\000d\000\040\000K\000i\000b\000b\000l\000e\000\040\000D\000i\000s\000t\000r\000i\000b\000u\000t\000i\000o\000n\000s}{section.2}% 22
\BOOKMARK [3][-]{subsubsection.2.10.1}{\376\377\000F\000i\000n\000a\000l\000\040\000R\000e\000s\000u\000l\000t}{subsection.2.10}% 23
\BOOKMARK [2][-]{subsection.2.11}{\376\377\000A\000s\000y\000m\000p\000t\000o\000t\000i\000c\000\040\000P\000r\000o\000p\000e\000r\000t\000i\000e\000s\000\040\000a\000n\000d\000\040\000"\000C\000u\000r\000s\000e\000\040\000o\000f\000\040\000D\000i\000m\000e\000n\000s\000i\000o\000n\000a\000l\000i\000t\000y\000"}{section.2}% 24
\BOOKMARK [1][-]{section.3}{\376\377\000F\000u\000t\000u\000r\000e\000\040\000W\000o\000r\000k\000\040\000a\000n\000d\000\040\000c\000o\000n\000c\000l\000u\000s\000i\000o\000n}{}% 25
\BOOKMARK [2][-]{subsection.3.1}{\376\377\000N\000u\000m\000e\000r\000i\000c\000a\000l\000\040\000I\000n\000v\000e\000s\000t\000i\000g\000a\000t\000i\000o\000n\000s}{section.3}% 26
\BOOKMARK [2][-]{subsection.3.2}{\376\377\000M\000a\000t\000h\000e\000m\000a\000t\000i\000c\000a\000l\000\040\000I\000n\000v\000e\000s\000t\000i\000g\000a\000t\000i\000o\000n\000s}{section.3}% 27
\BOOKMARK [2][-]{subsection.3.3}{\376\377\000C\000o\000n\000c\000l\000u\000s\000i\000o\000n\000:\000\040\000A\000\040\000N\000e\000w\000\040\000P\000a\000r\000a\000d\000i\000g\000m\000\040\000f\000o\000r\000\040\000N\000T\000K\000\040\000A\000n\000a\000l\000y\000s\000i\000s}{section.3}% 28
\BOOKMARK [2][-]{subsection.3.4}{\376\377\000O\000u\000t\000l\000o\000o\000k\000:\000\040\000A\000p\000p\000l\000i\000c\000a\000t\000i\000o\000n\000\040\000t\000o\000\040\000P\000I\000N\000N\000s\000\040\000a\000n\000d\000\040\000a\000n\000\040\000A\000n\000a\000l\000o\000g\000y\000\040\000t\000o\000\040\000W\000a\000v\000e\000l\000e\000t\000s}{section.3}% 29
\BOOKMARK [2][-]{subsection.Alph0.1}{\376\377\000D\000e\000t\000a\000i\000l\000e\000d\000\040\000a\000p\000p\000r\000o\000a\000c\000h\000\040\000f\000o\000r\000\040\000T\000r\000a\000n\000s\000f\000o\000r\000m\000e\000r\000s\000\040\000a\000n\000d\000\040\000S\000o\000f\000t\000m\000a\000x\000\040\000A\000n\000a\000l\000y\000s\000i\000s}{section.3}% 30
\BOOKMARK [3][-]{subsubsection.Alph0.1.1}{\376\377\000P\000r\000o\000b\000l\000e\000m\000\040\000S\000t\000a\000t\000e\000m\000e\000n\000t\000:\000\040\000M\000o\000m\000e\000n\000t\000s\000\040\000o\000f\000\040\000t\000h\000e\000\040\000S\000o\000f\000t\000m\000a\000x\000\040\000F\000u\000n\000c\000t\000i\000o\000n}{subsection.Alph0.1}% 31
\BOOKMARK [3][-]{subsubsection.Alph0.1.2}{\376\377\000A\000p\000p\000r\000o\000x\000i\000m\000a\000t\000i\000o\000n\000\040\000S\000t\000r\000a\000t\000e\000g\000y\000:\000\040\000S\000a\000d\000d\000l\000e\000-\000P\000o\000i\000n\000t\000\040\000M\000e\000t\000h\000o\000d}{subsection.Alph0.1}% 32
\BOOKMARK [3][-]{subsubsection.Alph0.1.3}{\376\377\000C\000u\000m\000u\000l\000a\000n\000t\000\040\000E\000x\000p\000a\000n\000s\000i\000o\000n\000\040\000F\000r\000a\000m\000e\000w\000o\000r\000k}{subsection.Alph0.1}% 33
\BOOKMARK [3][-]{subsubsection.Alph0.1.4}{\376\377\000H\000i\000g\000h\000-\000D\000i\000m\000e\000n\000s\000i\000o\000n\000a\000l\000\040\000A\000n\000a\000l\000y\000s\000i\000s}{subsection.Alph0.1}% 34
\BOOKMARK [3][-]{subsubsection.Alph0.1.5}{\376\377\000C\000o\000r\000r\000e\000l\000a\000t\000e\000d\000\040\000G\000a\000u\000s\000s\000i\000a\000n\000\040\000M\000a\000t\000r\000i\000x\000\040\000G\000e\000n\000e\000r\000a\000t\000i\000o\000n}{subsection.Alph0.1}% 35
\BOOKMARK [3][-]{subsubsection.Alph0.1.6}{\376\377\000C\000o\000n\000n\000e\000c\000t\000i\000o\000n\000\040\000t\000o\000\040\000H\000e\000r\000m\000i\000t\000e\000\040\000P\000o\000l\000y\000n\000o\000m\000i\000a\000l\000s\000\040\000a\000n\000d\000\040\000G\000e\000n\000e\000r\000a\000t\000i\000n\000g\000\040\000F\000u\000n\000c\000t\000i\000o\000n\000s}{subsection.Alph0.1}% 36
\BOOKMARK [3][-]{subsubsection.Alph0.1.7}{\376\377\000M\000u\000l\000t\000i\000v\000a\000r\000i\000a\000t\000e\000\040\000G\000a\000u\000s\000s\000i\000a\000n\000\040\000I\000n\000t\000e\000g\000r\000a\000l\000s}{subsection.Alph0.1}% 37
\BOOKMARK [3][-]{subsubsection.Alph0.1.8}{\376\377\000N\000u\000m\000e\000r\000i\000c\000a\000l\000\040\000I\000n\000t\000e\000g\000r\000a\000t\000i\000o\000n\000\040\000C\000o\000n\000s\000i\000d\000e\000r\000a\000t\000i\000o\000n\000s}{subsection.Alph0.1}% 38
\BOOKMARK [2][-]{subsection.Alph0.2}{\376\377\000D\000e\000t\000a\000i\000l\000e\000d\000\040\000C\000a\000l\000c\000u\000l\000a\000t\000i\000o\000n\000s\000\040\000f\000o\000r\000\040\000T\000w\000o\000\040\000H\000i\000d\000d\000e\000n\000\040\000L\000a\000y\000e\000r\000\040\000M\000M\000N\000N}{section.3}% 39
\BOOKMARK [3][-]{subsubsection.Alph0.2.1}{\376\377\000C\000a\000l\000c\000u\000l\000a\000t\000i\000o\000n\000\040\000o\000f\000\040\000t\000h\000e\000\040\000E\000x\000p\000e\000c\000t\000a\000t\000i\000o\000n\000\040\000E\000[\000R\000e\000L\000U\000\050\000X\0001\000\051\000R\000e\000L\000U\000\050\000X\0002\000\051\000]}{subsection.Alph0.2}% 40
\BOOKMARK [3][-]{subsubsection.Alph0.2.2}{\376\377\000C\000a\000l\000c\000u\000l\000a\000t\000i\000o\000n\000\040\000o\000f\000\040\000I\0001\0001\000\040\000\050\000P\000r\000o\000b\000a\000b\000i\000l\000i\000t\000y\000\051}{subsection.Alph0.2}% 41
\BOOKMARK [3][-]{subsubsection.Alph0.2.3}{\376\377\000S\000p\000e\000c\000i\000a\000l\000\040\000C\000a\000s\000e\000:\000\040\000Z\000e\000r\000o\000\040\000M\000e\000a\000n\000s\000\040\000\050\0001\000=\0002\000=\0000\000\051}{subsection.Alph0.2}% 42
\BOOKMARK [3][-]{subsubsection.Alph0.2.4}{\376\377\000P\000r\000o\000o\000f\000\040\000o\000f\000\040\000t\000h\000e\000\040\000R\000e\000c\000u\000r\000s\000i\000o\000n\000\040\000f\000o\000r\000\040\000t\000h\000e\000\040\000N\000T\000K}{subsection.Alph0.2}% 43
\BOOKMARK [1][-]{appendix.A}{\376\377\000D\000e\000e\000p\000\040\000N\000a\000r\000r\000o\000w\000\040\000N\000e\000u\000r\000a\000l\000\040\000N\000e\000t\000w\000o\000r\000k\000s}{}% 44
\BOOKMARK [2][-]{subsection.A.1}{\376\377\000S\000c\000a\000l\000e\000d\000\040\000N\000T\000K\000\040\000a\000t\000\040\000I\000n\000i\000t\000i\000a\000l\000i\000z\000a\000t\000i\000o\000n}{appendix.A}% 45
\BOOKMARK [2][-]{subsection.A.2}{\376\377\000R\000e\000s\000e\000a\000r\000c\000h\000\040\000P\000e\000r\000s\000p\000e\000c\000t\000i\000v\000e\000s\000\040\000f\000o\000r\000\040\000D\000e\000e\000p\000\040\000N\000a\000r\000r\000o\000w\000\040\000N\000e\000t\000w\000o\000r\000k\000s}{appendix.A}% 46
